10-03 17:44:20.213 10038 10559 D LEE: <ConnectedThread>: keep reading the remainder of this image.. expect=177491
10-03 17:44:20.213 10038 10559 D LEE: <ConnectedThread>: reading..
10-03 17:44:20.218 10038 10559 D LEE: <ConnectedThread>: combining byte arrays of sizes 154624 and 1024
10-03 17:44:20.219 10038 10559 D LEE: <ConnectedThread>: keep reading the remainder of this image.. expect=177491
10-03 17:44:20.219 10038 10559 D LEE: <ConnectedThread>: reading..
10-03 17:44:20.244 10038 10559 D LEE: <ConnectedThread>: combining byte arrays of sizes 155648 and 1024
10-03 17:44:20.245 10038 10559 D LEE: <ConnectedThread>: keep reading the remainder of this image.. expect=177491
10-03 17:44:20.245 10038 10559 D LEE: <ConnectedThread>: reading..
10-03 17:44:20.263 10038 10559 D LEE: <ConnectedThread>: combining byte arrays of sizes 156672 and 1024
10-03 17:44:20.264 10038 10559 D LEE: <ConnectedThread>: keep reading the remainder of this image.. expect=177491
10-03 17:44:20.264 10038 10559 D LEE: <ConnectedThread>: reading..
10-03 17:44:20.268 10038 10559 D LEE: <ConnectedThread>: combining byte arrays of sizes 157696 and 1024
10-03 17:44:20.268 10038 10559 D LEE: <ConnectedThread>: keep reading the remainder of this image.. expect=177491
10-03 17:44:20.268 10038 10559 D LEE: <ConnectedThread>: reading..
10-03 17:44:20.286 10038 10559 D LEE: <ConnectedThread>: combining byte arrays of sizes 158720 and 1024
10-03 17:44:20.287 10038 10559 D LEE: <ConnectedThread>: keep reading the remainder of this image.. expect=177491
10-03 17:44:20.287 10038 10559 D LEE: <ConnectedThread>: reading..
10-03 17:44:20.296 10038 10559 D LEE: <ConnectedThread>: combining byte arrays of sizes 159744 and 1024
10-03 17:44:20.297 10038 10559 D LEE: <ConnectedThread>: keep reading the remainder of this image.. expect=177491
10-03 17:44:20.297 10038 10559 D LEE: <ConnectedThread>: reading..
10-03 17:44:20.333 10038 10559 D LEE: <ConnectedThread>: combining byte arrays of sizes 160768 and 1024
10-03 17:44:20.334 10038 10559 D LEE: <ConnectedThread>: keep reading the remainder of this image.. expect=177491
10-03 17:44:20.334 10038 10559 D LEE: <ConnectedThread>: reading..
10-03 17:44:20.351 10038 10559 D LEE: <ConnectedThread>: combining byte arrays of sizes 161792 and 1024
10-03 17:44:20.352 10038 10559 D LEE: <ConnectedThread>: keep reading the remainder of this image.. expect=177491
10-03 17:44:20.352 10038 10559 D LEE: <ConnectedThread>: reading..
10-03 17:44:20.374 10038 10559 D LEE: <ConnectedThread>: combining byte arrays of sizes 162816 and 1024
10-03 17:44:20.375 10038 10559 D LEE: <ConnectedThread>: keep reading the remainder of this image.. expect=177491
10-03 17:44:20.376 10038 10559 D LEE: <ConnectedThread>: reading..
10-03 17:44:20.384 10038 10559 D LEE: <ConnectedThread>: combining byte arrays of sizes 163840 and 1024
10-03 17:44:20.385 10038 10559 D LEE: <ConnectedThread>: keep reading the remainder of this image.. expect=177491
10-03 17:44:20.385 10038 10559 D LEE: <ConnectedThread>: reading..
10-03 17:44:20.418 10038 10559 D LEE: <ConnectedThread>: combining byte arrays of sizes 164864 and 1024
10-03 17:44:20.419 10038 10559 D LEE: <ConnectedThread>: keep reading the remainder of this image.. expect=177491
10-03 17:44:20.419 10038 10559 D LEE: <ConnectedThread>: reading..
10-03 17:44:20.430 10038 10559 D LEE: <ConnectedThread>: combining byte arrays of sizes 165888 and 1024
10-03 17:44:20.430 10038 10559 D LEE: <ConnectedThread>: keep reading the remainder of this image.. expect=177491
10-03 17:44:20.430 10038 10559 D LEE: <ConnectedThread>: reading..
10-03 17:44:20.442 10038 10559 D LEE: <ConnectedThread>: combining byte arrays of sizes 166912 and 1024
10-03 17:44:20.443 10038 10559 D LEE: <ConnectedThread>: keep reading the remainder of this image.. expect=177491
10-03 17:44:20.443 10038 10559 D LEE: <ConnectedThread>: reading..
10-03 17:44:20.454 10038 10559 D LEE: <ConnectedThread>: combining byte arrays of sizes 167936 and 1024
10-03 17:44:20.455 10038 10559 D LEE: <ConnectedThread>: keep reading the remainder of this image.. expect=177491
10-03 17:44:20.455 10038 10559 D LEE: <ConnectedThread>: reading..
10-03 17:44:20.464 10038 10559 D LEE: <ConnectedThread>: combining byte arrays of sizes 168960 and 1024
10-03 17:44:20.465 10038 10559 D LEE: <ConnectedThread>: keep reading the remainder of this image.. expect=177491
10-03 17:44:20.465 10038 10559 D LEE: <ConnectedThread>: reading..
10-03 17:44:20.677 10038 10559 D LEE: <ConnectedThread>: combining byte arrays of sizes 169984 and 1024
10-03 17:44:20.678 10038 10559 D LEE: <ConnectedThread>: keep reading the remainder of this image.. expect=177491
10-03 17:44:20.679 10038 10559 D LEE: <ConnectedThread>: reading..
10-03 17:44:20.720 10038 10559 D LEE: <ConnectedThread>: combining byte arrays of sizes 171008 and 1024
10-03 17:44:20.721 10038 10559 D LEE: <ConnectedThread>: keep reading the remainder of this image.. expect=177491
10-03 17:44:20.721 10038 10559 D LEE: <ConnectedThread>: reading..
10-03 17:44:20.750 10038 10559 D LEE: <ConnectedThread>: combining byte arrays of sizes 172032 and 1024
10-03 17:44:20.751 10038 10559 D LEE: <ConnectedThread>: keep reading the remainder of this image.. expect=177491
10-03 17:44:20.752 10038 10559 D LEE: <ConnectedThread>: reading..
10-03 17:44:20.802 10038 10559 D LEE: <ConnectedThread>: combining byte arrays of sizes 173056 and 1024
10-03 17:44:20.803 10038 10559 D LEE: <ConnectedThread>: keep reading the remainder of this image.. expect=177491
10-03 17:44:20.803 10038 10559 D LEE: <ConnectedThread>: reading..
10-03 17:44:20.821 10038 10559 D LEE: <ConnectedThread>: combining byte arrays of sizes 174080 and 1024
10-03 17:44:20.822 10038 10559 D LEE: <ConnectedThread>: keep reading the remainder of this image.. expect=177491
10-03 17:44:20.822 10038 10559 D LEE: <ConnectedThread>: reading..
10-03 17:44:20.827 10038 10559 D LEE: <ConnectedThread>: combining byte arrays of sizes 175104 and 1024
10-03 17:44:20.828 10038 10559 D LEE: <ConnectedThread>: keep reading the remainder of this image.. expect=177491
10-03 17:44:20.828 10038 10559 D LEE: <ConnectedThread>: reading..
10-03 17:44:20.846 10038 10559 D LEE: <ConnectedThread>: combining byte arrays of sizes 176128 and 1024
10-03 17:44:20.848 10038 10559 D LEE: <ConnectedThread>: keep reading the remainder of this image.. expect=177491
10-03 17:44:20.848 10038 10559 D LEE: <ConnectedThread>: reading..
10-03 17:44:20.875 10038 10559 D LEE: <ConnectedThread>: combining byte arrays of sizes 177152 and 1024
10-03 17:44:20.876 10038 10559 D LEE: <ConnectedThread>: keep reading the remainder of this image.. expect=177491
10-03 17:44:20.876 10038 10559 D LEE: <ConnectedThread>: reading..
10-03 17:44:20.906 10038 10559 D LEE: <ConnectedThread>: combining byte arrays of sizes 178176 and 1024
10-03 17:44:20.907 10038 10559 D LEE: <ConnectedThread>: keep reading the remainder of this image.. expect=177491
10-03 17:44:20.907 10038 10559 D LEE: <ConnectedThread>: reading..
10-03 17:44:20.966 10038 10559 D LEE: <ConnectedThread>: combining byte arrays of sizes 179200 and 1024
10-03 17:44:20.967 10038 10559 D LEE: <ConnectedThread>: keep reading the remainder of this image.. expect=177491
10-03 17:44:20.967 10038 10559 D LEE: <ConnectedThread>: reading..
10-03 17:44:21.021 10038 10559 D LEE: <ConnectedThread>: combining byte arrays of sizes 180224 and 1024
10-03 17:44:21.023 10038 10559 D LEE: <ConnectedThread>: keep reading the remainder of this image.. expect=177491
10-03 17:44:21.023 10038 10559 D LEE: <ConnectedThread>: reading..
10-03 17:44:21.079 10038 10559 D LEE: <ConnectedThread>: combining byte arrays of sizes 181248 and 1024
10-03 17:44:21.080 10038 10559 D LEE: <ConnectedThread>: keep reading the remainder of this image.. expect=177491
10-03 17:44:21.080 10038 10559 D LEE: <ConnectedThread>: reading..
10-03 17:44:21.138 10038 10559 D LEE: <ConnectedThread>: combining byte arrays of sizes 182272 and 1024
10-03 17:44:21.139 10038 10559 D LEE: <ConnectedThread>: keep reading the remainder of this image.. expect=177491
10-03 17:44:21.139 10038 10559 D LEE: <ConnectedThread>: reading..
10-03 17:44:21.139 10038 10559 D LEE: <ConnectedThread>: combining byte arrays of sizes 183296 and 1024
10-03 17:44:21.140 10038 10559 D LEE: <ConnectedThread>: keep reading the remainder of this image.. expect=177491
10-03 17:44:21.140 10038 10559 D LEE: <ConnectedThread>: reading..
10-03 17:44:22.131 10038 10559 D LEE: <ConnectedThread>: ===> IMAGE SUCCESSFULLY CAPTURED! <===, readData=~END CAPTURE~
10-03 17:44:22.132 10038 10559 D LEE: <ConnectedThread>: notifyStateChange(Constants.IMAGE_READ, mState, bundle);
10-03 17:44:22.132 10038 10559 D LEE: <BluetoothChatService>: notifyStateChange: whatChanged=6, theState=3
10-03 17:44:22.132 10038 10559 D LEE: <BluetoothChatService>: --> CAPTURED THE IMAGE !!!
10-03 17:44:22.203 10038 10559 D LEE: <BluetoothChatService>: --> posting captured image
10-03 17:44:22.204 10038 10559 D LEE: <com.harlie.batbot.util.BluetoothCaptureImageEvent>: post: image name=/tmp/capture2.jpg, size=177491
10-03 17:44:22.204 10038 10559 D LEE: <ConnectedThread>: initializing image capture from buffer
10-03 17:44:22.204 10038 10559 D LEE: <ConnectedThread>: send the message data
10-03 17:44:22.204 10038 10559 D LEE: <ConnectedThread>: notifyStateChange(Constants.MESSAGE_READ, mState, bundle);
10-03 17:44:22.204 10038 10559 D LEE: <BluetoothChatService>: notifyStateChange: whatChanged=2, theState=3
10-03 17:44:22.204 10038 10559 D LEE: <BluetoothChatService>: --> READ: size=13, buffer=~END CAPTURE~
10-03 17:44:22.204 10038 10559 D LEE: <ConnectedThread>: reading..
10-03 17:44:22.205 10038 10038 D LEE: <com.harlie.batbot.ui.control.Control_ViewModel>: onBluetoothMessageEvent
10-03 17:44:22.205 10038 10038 D LEE: <BluetoothChatService>: setCapturingImage
10-03 17:44:22.205 10038 10038 D LEE: <com.harlie.batbot.ui.control.ControlFragment>: observe getCaptureImage()===> com.harlie.batbot.util.BluetoothCaptureImageEvent@5b57b39
10-03 17:44:22.283 10038 10038 D LEE: <com.harlie.batbot.ui.control.ControlFragment>: restarting the fixed-rate Timer
10-03 17:44:22.283 10038 10038 D LEE: <com.harlie.batbot.ui.control.ControlFragment>: runFixedRateTimer
10-03 17:44:23.084 10038 10714 D LEE: <com.harlie.batbot.ui.control.ControlFragment>: runFixedRateTimer: FLUSH LOG
10-03 17:44:23.084 10038 10714 D LEE: <com.harlie.batbot.ui.control.ControlFragment>: send:  
10-03 17:44:23.084 10038 10714 D LEE: <com.harlie.batbot.ui.control.Control_ViewModel>: send: ' '
10-03 17:44:23.084 10038 10714 D LEE: <BluetoothChatService>: ===> send: message= 
10-03 17:44:23.084 10038 10714 D LEE: <BluetoothChatService>: getState
10-03 17:44:23.084 10038 10714 D LEE: <BluetoothChatService>: write(message.getBytes())
10-03 17:44:23.085 10038 10714 D LEE: <BluetoothChatService>: write: out=[B@3ec8942
10-03 17:44:23.085 10038 10714 D LEE: <ConnectedThread>: write: buffer=[B@3ec8942
10-03 17:44:23.087 10038 10714 D LEE: <BluetoothChatService>: notifyStateChange: whatChanged=3, theState=3
10-03 17:44:23.088 10038 10714 D LEE: <BluetoothChatService>: --> SENT:  
10-03 17:44:23.088 10038 10714 D LEE: <BluetoothStateChangeEvent>: post: whatChanged=3, theState=3
10-03 17:44:23.089 10038 10038 D LEE: <com.harlie.batbot.ui.control.ControlFragment>: onBluetoothStateChangeEvent: theState=3, whatChanged=3
10-03 17:44:23.089 10038 10038 D LEE: <com.harlie.batbot.ui.control.ControlFragment>: --> SENT 1 BYTES:  
10-03 17:44:25.081 10038 10559 D LEE: <ConnectedThread>: send the message data
10-03 17:44:25.082 10038 10559 D LEE: <ConnectedThread>: notifyStateChange(Constants.MESSAGE_READ, mState, bundle);
10-03 17:44:25.082 10038 10559 D LEE: <BluetoothChatService>: notifyStateChange: whatChanged=2, theState=3
10-03 17:44:25.083 10038 10559 D LEE: <BluetoothChatService>: --> READ: size=445, buffer=10/03/2019 17:44:05 Distance Ahead=82
10-03 17:44:25.083 10038 10559 D LEE: <BluetoothChatService>: 10/03/2019 17:44:07 Distance Ahead=71
10-03 17:44:25.083 10038 10559 D LEE: <BluetoothChatService>: 10/03/2019 17:44:08 State: default stopped, Joystick: STOP 0
10-03 17:44:25.083 10038 10559 D LEE: <BluetoothChatService>: 10/03/2019 17:44:08 Distance Ahead=203
10-03 17:44:25.083 10038 10559 D LEE: <BluetoothChatService>: 10/03/2019 17:44:09 Distance Ahead=103
10-03 17:44:25.083 10038 10559 D LEE: <BluetoothChatService>: 10/03/2019 17:44:10 Distance Ahead=65
10-03 17:44:25.083 10038 10559 D LEE: <BluetoothChatService>: 10/03/2019 17:44:13 State: default stopped, Joystick: STOP 0
10-03 17:44:25.083 10038 10559 D LEE: <BluetoothChatService>: 10/03/2019 17:44:18 State: default stopped, Joystick: STOP 0
10-03 17:44:25.083 10038 10559 D LEE: <BluetoothChatService>: 10/03/2019 17:44:23 State: default stopped, Joystick: STOP 0
10-03 17:44:25.083 10038 10559 D LEE: <BluetoothStateChangeEvent>: post: whatChanged=2, theState=3
10-03 17:44:25.084 10038 10559 D LEE: <ConnectedThread>: reading..
10-03 17:44:25.085 10038 10038 D LEE: <com.harlie.batbot.ui.control.ControlFragment>: onBluetoothStateChangeEvent: theState=3, whatChanged=2
10-03 17:44:25.085 10038 10038 D LEE: <com.harlie.batbot.ui.control.ControlFragment>: --> READ 445 BYTES: 10/03/2019 17:44:05 Distance Ahead=82
10-03 17:44:25.085 10038 10038 D LEE: <com.harlie.batbot.ui.control.ControlFragment>: 10/03/2019 17:44:07 Distance Ahead=71
10-03 17:44:25.085 10038 10038 D LEE: <com.harlie.batbot.ui.control.ControlFragment>: 10/03/2019 17:44:08 State: default stopped, Joystick: STOP 0
10-03 17:44:25.085 10038 10038 D LEE: <com.harlie.batbot.ui.control.ControlFragment>: 10/03/2019 17:44:08 Distance Ahead=203
10-03 17:44:25.085 10038 10038 D LEE: <com.harlie.batbot.ui.control.ControlFragment>: 10/03/2019 17:44:09 Distance Ahead=103
10-03 17:44:25.085 10038 10038 D LEE: <com.harlie.batbot.ui.control.ControlFragment>: 10/03/2019 17:44:10 Distance Ahead=65
10-03 17:44:25.085 10038 10038 D LEE: <com.harlie.batbot.ui.control.ControlFragment>: 10/03/2019 17:44:13 State: default stopped, Joystick: STOP 0
10-03 17:44:25.085 10038 10038 D LEE: <com.harlie.batbot.ui.control.ControlFragment>: 10/03/2019 17:44:18 State: default stopped, Joystick: STOP 0
10-03 17:44:25.085 10038 10038 D LEE: <com.harlie.batbot.ui.control.ControlFragment>: 10/03/2019 17:44:23 State: default stopped, Joystick: STOP 0
10-03 17:44:25.088 10038 10714 D LEE: <com.harlie.batbot.ui.control.ControlFragment>: runFixedRateTimer: FLUSH LOG
10-03 17:44:25.088 10038 10714 D LEE: <com.harlie.batbot.ui.control.ControlFragment>: send:  
10-03 17:44:25.088 10038 10714 D LEE: <com.harlie.batbot.ui.control.Control_ViewModel>: send: ' '
10-03 17:44:25.088 10038 10714 D LEE: <BluetoothChatService>: ===> send: message= 
10-03 17:44:25.088 10038 10714 D LEE: <BluetoothChatService>: getState
10-03 17:44:25.089 10038 10714 D LEE: <BluetoothChatService>: write(message.getBytes())
10-03 17:44:25.089 10038 10714 D LEE: <BluetoothChatService>: write: out=[B@894bd53
10-03 17:44:25.089 10038 10714 D LEE: <ConnectedThread>: write: buffer=[B@894bd53
10-03 17:44:25.091 10038 10714 D LEE: <BluetoothChatService>: notifyStateChange: whatChanged=3, theState=3
10-03 17:44:25.091 10038 10714 D LEE: <BluetoothChatService>: --> SENT:  
10-03 17:44:25.092 10038 10714 D LEE: <BluetoothStateChangeEvent>: post: whatChanged=3, theState=3
10-03 17:44:25.149 10038 10038 D LEE: <com.harlie.batbot.ui.control.ControlFragment>: onBluetoothStateChangeEvent: theState=3, whatChanged=3
10-03 17:44:25.150 10038 10038 D LEE: <com.harlie.batbot.ui.control.ControlFragment>: --> SENT 1 BYTES:  
10-03 17:44:27.084 10038 10714 D LEE: <com.harlie.batbot.ui.control.ControlFragment>: runFixedRateTimer: FLUSH LOG
10-03 17:44:27.084 10038 10714 D LEE: <com.harlie.batbot.ui.control.ControlFragment>: send:  
10-03 17:44:27.084 10038 10714 D LEE: <com.harlie.batbot.ui.control.Control_ViewModel>: send: ' '
10-03 17:44:27.085 10038 10714 D LEE: <BluetoothChatService>: ===> send: message= 
10-03 17:44:27.085 10038 10714 D LEE: <BluetoothChatService>: getState
10-03 17:44:27.085 10038 10714 D LEE: <BluetoothChatService>: write(message.getBytes())
10-03 17:44:27.085 10038 10714 D LEE: <BluetoothChatService>: write: out=[B@a361690
10-03 17:44:27.085 10038 10714 D LEE: <ConnectedThread>: write: buffer=[B@a361690
10-03 17:44:27.086 10038 10714 D LEE: <BluetoothChatService>: notifyStateChange: whatChanged=3, theState=3
10-03 17:44:27.087 10038 10714 D LEE: <BluetoothChatService>: --> SENT:  
10-03 17:44:27.087 10038 10714 D LEE: <BluetoothStateChangeEvent>: post: whatChanged=3, theState=3
10-03 17:44:27.092 10038 10038 D LEE: <com.harlie.batbot.ui.control.ControlFragment>: onBluetoothStateChangeEvent: theState=3, whatChanged=3
10-03 17:44:27.092 10038 10038 D LEE: <com.harlie.batbot.ui.control.ControlFragment>: --> SENT 1 BYTES:  
10-03 17:44:27.193 10038 10559 D LEE: <ConnectedThread>: send the message data
10-03 17:44:27.194 10038 10559 D LEE: <ConnectedThread>: notifyStateChange(Constants.MESSAGE_READ, mState, bundle);
10-03 17:44:27.194 10038 10559 D LEE: <BluetoothChatService>: notifyStateChange: whatChanged=2, theState=3
10-03 17:44:27.195 10038 10559 D LEE: <BluetoothChatService>: --> READ: size=78, buffer=10/03/2019 17:44:24 Distance Ahead=28
10-03 17:44:27.195 10038 10559 D LEE: <BluetoothChatService>: 10/03/2019 17:44:25 Distance Ahead=39
10-03 17:44:27.195 10038 10559 D LEE: <BluetoothStateChangeEvent>: post: whatChanged=2, theState=3
10-03 17:44:27.196 10038 10559 D LEE: <ConnectedThread>: reading..
10-03 17:44:27.204 10038 10038 D LEE: <com.harlie.batbot.ui.control.ControlFragment>: onBluetoothStateChangeEvent: theState=3, whatChanged=2
10-03 17:44:27.205 10038 10038 D LEE: <com.harlie.batbot.ui.control.ControlFragment>: --> READ 78 BYTES: 10/03/2019 17:44:24 Distance Ahead=28
10-03 17:44:27.205 10038 10038 D LEE: <com.harlie.batbot.ui.control.ControlFragment>: 10/03/2019 17:44:25 Distance Ahead=39
10-03 17:44:29.083 10038 10714 D LEE: <com.harlie.batbot.ui.control.ControlFragment>: runFixedRateTimer: FLUSH LOG
10-03 17:44:29.084 10038 10714 D LEE: <com.harlie.batbot.ui.control.ControlFragment>: send:  
10-03 17:44:29.084 10038 10714 D LEE: <com.harlie.batbot.ui.control.Control_ViewModel>: send: ' '
10-03 17:44:29.084 10038 10714 D LEE: <BluetoothChatService>: ===> send: message= 
10-03 17:44:29.084 10038 10714 D LEE: <BluetoothChatService>: getState
10-03 17:44:29.084 10038 10714 D LEE: <BluetoothChatService>: write(message.getBytes())
10-03 17:44:29.085 10038 10714 D LEE: <BluetoothChatService>: write: out=[B@747ab89
10-03 17:44:29.085 10038 10714 D LEE: <ConnectedThread>: write: buffer=[B@747ab89
10-03 17:44:29.088 10038 10714 D LEE: <BluetoothChatService>: notifyStateChange: whatChanged=3, theState=3
10-03 17:44:29.088 10038 10714 D LEE: <BluetoothChatService>: --> SENT:  
10-03 17:44:29.089 10038 10714 D LEE: <BluetoothStateChangeEvent>: post: whatChanged=3, theState=3
10-03 17:44:29.090 10038 10038 D LEE: <com.harlie.batbot.ui.control.ControlFragment>: onBluetoothStateChangeEvent: theState=3, whatChanged=3
10-03 17:44:29.090 10038 10038 D LEE: <com.harlie.batbot.ui.control.ControlFragment>: --> SENT 1 BYTES:  
10-03 17:44:29.143 10038 10559 D LEE: <ConnectedThread>: send the message data
10-03 17:44:29.143 10038 10559 D LEE: <ConnectedThread>: notifyStateChange(Constants.MESSAGE_READ, mState, bundle);
10-03 17:44:29.144 10038 10559 D LEE: <BluetoothChatService>: notifyStateChange: whatChanged=2, theState=3
10-03 17:44:29.144 10038 10559 D LEE: <BluetoothChatService>: --> READ: size=39, buffer=10/03/2019 17:44:27 Distance Ahead=25
10-03 17:44:29.145 10038 10559 D LEE: <BluetoothStateChangeEvent>: post: whatChanged=2, theState=3
10-03 17:44:29.146 10038 10559 D LEE: <ConnectedThread>: reading..
10-03 17:44:29.146 10038 10038 D LEE: <com.harlie.batbot.ui.control.ControlFragment>: onBluetoothStateChangeEvent: theState=3, whatChanged=2
10-03 17:44:29.146 10038 10038 D LEE: <com.harlie.batbot.ui.control.ControlFragment>: --> READ 39 BYTES: 10/03/2019 17:44:27 Distance Ahead=25
10-03 17:44:29.447 10038 10038 D LEE: <com.harlie.batbot.ControlActivity>: onClickSaveImage
10-03 17:44:30.203 10038 10038 D LEE: <com.harlie.batbot.ControlActivity>: onClickDismissImage
10-03 17:44:31.084 10038 10714 D LEE: <com.harlie.batbot.ui.control.ControlFragment>: runFixedRateTimer: FLUSH LOG
10-03 17:44:31.084 10038 10714 D LEE: <com.harlie.batbot.ui.control.ControlFragment>: send:  
10-03 17:44:31.085 10038 10714 D LEE: <com.harlie.batbot.ui.control.Control_ViewModel>: send: ' '
10-03 17:44:31.085 10038 10714 D LEE: <BluetoothChatService>: ===> send: message= 
10-03 17:44:31.085 10038 10714 D LEE: <BluetoothChatService>: getState
10-03 17:44:31.085 10038 10714 D LEE: <BluetoothChatService>: write(message.getBytes())
10-03 17:44:31.085 10038 10714 D LEE: <BluetoothChatService>: write: out=[B@8e0bbc
10-03 17:44:31.085 10038 10714 D LEE: <ConnectedThread>: write: buffer=[B@8e0bbc
10-03 17:44:31.086 10038 10714 D LEE: <BluetoothChatService>: notifyStateChange: whatChanged=3, theState=3
10-03 17:44:31.087 10038 10714 D LEE: <BluetoothChatService>: --> SENT:  
10-03 17:44:31.087 10038 10714 D LEE: <BluetoothStateChangeEvent>: post: whatChanged=3, theState=3
10-03 17:44:31.088 10038 10038 D LEE: <com.harlie.batbot.ui.control.ControlFragment>: onBluetoothStateChangeEvent: theState=3, whatChanged=3
10-03 17:44:31.088 10038 10038 D LEE: <com.harlie.batbot.ui.control.ControlFragment>: --> SENT 1 BYTES:  
10-03 17:44:31.126 10038 10559 D LEE: <ConnectedThread>: send the message data
10-03 17:44:31.126 10038 10559 D LEE: <ConnectedThread>: notifyStateChange(Constants.MESSAGE_READ, mState, bundle);
10-03 17:44:31.127 10038 10559 D LEE: <BluetoothChatService>: notifyStateChange: whatChanged=2, theState=3
10-03 17:44:31.127 10038 10559 D LEE: <BluetoothChatService>: --> READ: size=101, buffer=10/03/2019 17:44:28 State: default stopped, Joystick: STOP 0
10-03 17:44:31.127 10038 10559 D LEE: <BluetoothChatService>: 10/03/2019 17:44:29 Distance Ahead=33
10-03 17:44:31.127 10038 10559 D LEE: <BluetoothStateChangeEvent>: post: whatChanged=2, theState=3
10-03 17:44:31.128 10038 10559 D LEE: <ConnectedThread>: reading..
10-03 17:44:31.128 10038 10038 D LEE: <com.harlie.batbot.ui.control.ControlFragment>: onBluetoothStateChangeEvent: theState=3, whatChanged=2
10-03 17:44:31.128 10038 10038 D LEE: <com.harlie.batbot.ui.control.ControlFragment>: --> READ 101 BYTES: 10/03/2019 17:44:28 State: default stopped, Joystick: STOP 0
10-03 17:44:31.128 10038 10038 D LEE: <com.harlie.batbot.ui.control.ControlFragment>: 10/03/2019 17:44:29 Distance Ahead=33
