10-03 17:42:52.885 10038 10038 D LEE: <com.harlie.batbot.SplashActivity>: onCreate
10-03 17:42:53.937 10038 10118 D LEE: <com.harlie.batbot.SplashActivity>: -Splash-
10-03 17:42:53.995 10038 10038 D LEE: <com.harlie.batbot.BluetoothActivity>: onCreate
10-03 17:42:54.111 10038 10038 D LEE: <com.harlie.batbot.ui.bluetooth.Bluetooth_ViewModel>: initialize
10-03 17:42:54.119 10038 10038 D LEE: <com.harlie.batbot.ui.bluetooth.Bluetooth_ViewModel>: initializeDeviceList
10-03 17:42:54.119 10038 10038 D LEE: <com.harlie.batbot.ui.bluetooth.Bluetooth_ViewModel>: isAdapterInitialied: true
10-03 17:42:54.120 10038 10038 I LEE: <com.harlie.batbot.ui.bluetooth.Bluetooth_ViewModel>: scanning BlueTooth devices..
10-03 17:42:54.120 10038 10038 D LEE: <com.harlie.batbot.ui.bluetooth.Bluetooth_ViewModel>: pairedDeviceList
10-03 17:42:54.128 10038 10038 I LEE: <com.harlie.batbot.ui.bluetooth.Bluetooth_ViewModel>: device1=BluetoothDeviceModel(name=Wireless Controller, device=70:20:84:68:C7:56)
10-03 17:42:54.129 10038 10038 I LEE: <com.harlie.batbot.ui.bluetooth.Bluetooth_ViewModel>: device2=BluetoothDeviceModel(name=batbot, device=DC:71:96:1C:90:F7)
10-03 17:42:54.129 10038 10038 I LEE: <com.harlie.batbot.ui.bluetooth.Bluetooth_ViewModel>: device3=BluetoothDeviceModel(name=batbot #2, device=74:DA:38:F2:93:5D)
10-03 17:42:54.130 10038 10038 I LEE: <com.harlie.batbot.ui.bluetooth.Bluetooth_ViewModel>: device4=BluetoothDeviceModel(name=Motorola S305, device=00:0D:FD:6D:6A:C6)
10-03 17:42:54.131 10038 10038 I LEE: <com.harlie.batbot.ui.bluetooth.Bluetooth_ViewModel>: device5=BluetoothDeviceModel(name=Motorola S305, device=00:0D:FD:62:4B:88)
10-03 17:42:54.132 10038 10038 D LEE: <com.harlie.batbot.BluetoothActivity>: *** ENABLING BLUETOOTH ***
10-03 17:42:54.511 10038 10038 D LEE: <com.harlie.batbot.BluetoothActivity>: onActivityResult: requestCode=1, resultCode=-1
10-03 17:42:54.512 10038 10038 D LEE: <com.harlie.batbot.ui.bluetooth.Bluetooth_ViewModel>: isAdapterInitialied: true
10-03 17:42:54.512 10038 10038 I LEE: <com.harlie.batbot.BluetoothActivity>: onActivityResult: Bluetooth Enabled
10-03 17:42:54.512 10038 10038 I LEE: <com.harlie.batbot.BluetoothActivity>: --> load the BluetoothFragment <--
10-03 17:42:54.524 10038 10038 D LEE: <com.harlie.batbot.ui.bluetooth.BluetoothFragment>: onCreateView
10-03 17:42:54.610 10038 10038 D LEE: <com.harlie.batbot.ui.bluetooth.BluetoothFragment>: onActivityCreated
10-03 17:42:54.622 10038 10038 D LEE: <com.harlie.batbot.ui.bluetooth.BluetoothFragment>: observe: getBluetoothDevicesList() content: it=[BluetoothDeviceModel(name=Wireless Controller, device=70:20:84:68:C7:56), BluetoothDeviceModel(name=batbot, device=DC:71:96:1C:90:F7), BluetoothDeviceModel(name=batbot #2, device=74:DA:38:F2:93:5D), BluetoothDeviceModel(name=Motorola S305, device=00:0D:FD:6D:6A:C6), BluetoothDeviceModel(name=Motorola S305, device=00:0D:FD:62:4B:88)]
10-03 17:42:54.638 10038 10038 D LEE: <com.harlie.batbot.util.BluetoothRecyclerAdapter>: onCreateViewHolder: viewType=0
10-03 17:42:54.688 10038 10038 D LEE: <com.harlie.batbot.util.BluetoothRecyclerAdapter>: bind: btDeviceModel=Wireless Controller
10-03 17:42:54.697 10038 10038 D LEE: <com.harlie.batbot.util.BluetoothRecyclerAdapter>: onCreateViewHolder: viewType=0
10-03 17:42:54.710 10038 10038 D LEE: <com.harlie.batbot.util.BluetoothRecyclerAdapter>: bind: btDeviceModel=batbot
10-03 17:42:54.715 10038 10038 D LEE: <com.harlie.batbot.util.BluetoothRecyclerAdapter>: onCreateViewHolder: viewType=0
10-03 17:42:54.728 10038 10038 D LEE: <com.harlie.batbot.util.BluetoothRecyclerAdapter>: bind: btDeviceModel=batbot #2
10-03 17:42:54.734 10038 10038 D LEE: <com.harlie.batbot.util.BluetoothRecyclerAdapter>: onCreateViewHolder: viewType=0
10-03 17:42:54.774 10038 10038 D LEE: <com.harlie.batbot.util.BluetoothRecyclerAdapter>: bind: btDeviceModel=Motorola S305
10-03 17:42:54.780 10038 10038 D LEE: <com.harlie.batbot.util.BluetoothRecyclerAdapter>: onCreateViewHolder: viewType=0
10-03 17:42:54.799 10038 10038 D LEE: <com.harlie.batbot.util.BluetoothRecyclerAdapter>: bind: btDeviceModel=Motorola S305
10-03 17:43:01.306 10038 10038 D LEE: <com.harlie.batbot.ui.bluetooth.Bluetooth_ViewModel>: selectDevice(name=batbot, address=DC:71:96:1C:90:F7
10-03 17:43:01.307 10038 10038 D LEE: <com.harlie.batbot.model.BluetoothDeviceModel>: selectDevice: name=Wireless Controller, selected=false
10-03 17:43:01.307 10038 10038 D LEE: <com.harlie.batbot.model.BluetoothDeviceModel>: selectDevice: name=batbot #2, selected=false
10-03 17:43:01.307 10038 10038 D LEE: <com.harlie.batbot.model.BluetoothDeviceModel>: selectDevice: name=Motorola S305, selected=false
10-03 17:43:01.307 10038 10038 D LEE: <com.harlie.batbot.model.BluetoothDeviceModel>: selectDevice: name=Motorola S305, selected=false
10-03 17:43:01.307 10038 10038 D LEE: <com.harlie.batbot.model.BluetoothDeviceModel>: selectDevice: name=batbot, selected=true
10-03 17:43:01.307 10038 10038 D LEE: <com.harlie.batbot.ui.bluetooth.BluetoothFragment>: observe: getSelectedDevice()=BluetoothDeviceModel(name=batbot, device=DC:71:96:1C:90:F7)
10-03 17:43:02.180 10038 10038 D LEE: <com.harlie.batbot.ui.bluetooth.BluetoothFragment>: onClickConnect
10-03 17:43:02.180 10038 10038 D LEE: <com.harlie.batbot.ui.bluetooth.Bluetooth_ViewModel>: cancelDiscovery
10-03 17:43:02.182 10038 10038 D LEE: <com.harlie.batbot.ui.bluetooth.BluetoothFragment>: gotoControlActivity: btModel name=batbot, address=DC:71:96:1C:90:F7
10-03 17:43:02.241 10038 10038 D LEE: <com.harlie.batbot.ControlActivity>: onCreate
10-03 17:43:02.274 10038 10038 D LEE: <BluetoothChatService>: BluetoothChatService
10-03 17:43:02.274 10038 10038 D LEE: <com.harlie.batbot.ui.control.Control_ViewModel>: initLiveData
10-03 17:43:02.275 10038 10038 D LEE: <com.harlie.batbot.ControlActivity>: selected name=batbot, address=DC:71:96:1C:90:F7
10-03 17:43:02.281 10038 10038 D LEE: <com.harlie.batbot.ControlActivity>: phone has m_uniqueId=00d5a9af-1998-4462-a958-7b6241fa7e11
10-03 17:43:02.287 10038 10038 D LEE: <com.harlie.batbot.ControlActivity>: creating Connection to batbot..
10-03 17:43:02.287 10038 10038 D LEE: <com.harlie.batbot.ui.control.ControlFragment>: setDeviceInfo: name=batbot, address=DC:71:96:1C:90:F7, uniqueId=00d5a9af-1998-4462-a958-7b6241fa7e11
10-03 17:43:02.290 10038 10038 D LEE: <com.harlie.batbot.ui.control.ControlFragment>: onCreateView
10-03 17:43:02.359 10038 10038 D LEE: <com.harlie.batbot.ui.control.ControlFragment>: onActivityCreated
10-03 17:43:02.360 10038 10038 D LEE: <com.harlie.batbot.ui.control.ControlFragment>: getViewModel
10-03 17:43:02.360 10038 10038 D LEE: <com.harlie.batbot.ui.control.Control_ViewModel>: initialize
10-03 17:43:02.365 10038 10038 D LEE: <com.harlie.batbot.ui.control.ControlFragment>: disableButtons
10-03 17:43:02.365 10038 10038 D LEE: <com.harlie.batbot.ui.control.ControlFragment>: connect
10-03 17:43:02.365 10038 10038 D LEE: <com.harlie.batbot.ui.control.ControlFragment>: getViewModel
10-03 17:43:02.365 10038 10038 D LEE: <com.harlie.batbot.ui.control.ControlFragment>: msg: connecting..
10-03 17:43:02.367 10038 10038 D LEE: <com.harlie.batbot.ui.control.Control_ViewModel>: connect: batbot
10-03 17:43:02.367 10038 10038 D LEE: <BluetoothChatService>: connect to: DC:71:96:1C:90:F7
10-03 17:43:02.367 10038 10038 D LEE: <BluetoothChatService>: cancelAll
10-03 17:43:02.368 10038 10038 D LEE: <ConnectedThread>: ConnectThread
10-03 17:43:02.377 10038 10038 D LEE: <BluetoothChatService>: getState
10-03 17:43:02.377 10038 10038 D LEE: <BluetoothChatService>: notifyBluetoothStatus: 0 -> 2
10-03 17:43:02.377 10038 10038 D LEE: <BluetoothStatusEvent>: post: message=connecting.. (please wait)
10-03 17:43:02.378 10038 10542 I LEE: <ConnectedThread>: run: BEGIN mConnectThread mSocketType=Secure
10-03 17:43:02.378 10038 10038 D LEE: <com.harlie.batbot.ui.control.ControlFragment>: msg: please wait..
10-03 17:43:02.378 10038 10038 D LEE: <com.harlie.batbot.ui.control.ControlFragment>: setControlListener
10-03 17:43:02.379 10038 10038 D LEE: <com.harlie.batbot.ui.control.ControlFragment>: onStart
10-03 17:43:02.383 10038 10038 D LEE: <com.harlie.batbot.ControlActivity>: onResume
10-03 17:43:02.384 10038 10038 D LEE: <com.harlie.batbot.ui.control.ControlFragment>: onStart
10-03 17:43:02.384 10038 10038 D LEE: <com.harlie.batbot.ui.control.ControlFragment>: runFixedRateTimer
10-03 17:43:02.524 10038 10038 D LEE: <com.harlie.batbot.BluetoothActivity>: onDestroy
10-03 17:43:02.530 10038 10038 D LEE: <com.harlie.batbot.ui.bluetooth.BluetoothFragment>: onDestroy
10-03 17:43:04.285 10038 10543 D LEE: <com.harlie.batbot.ui.control.ControlFragment>: runFixedRateTimer: FLUSH LOG
10-03 17:43:04.286 10038 10543 D LEE: <com.harlie.batbot.ui.control.ControlFragment>: send:  
10-03 17:43:04.286 10038 10543 D LEE: <com.harlie.batbot.ui.control.Control_ViewModel>: send: ' '
10-03 17:43:04.286 10038 10543 D LEE: <BluetoothChatService>: ===> send: message= 
10-03 17:43:04.286 10038 10543 D LEE: <BluetoothChatService>: getState
10-03 17:43:04.286 10038 10543 E LEE: <BluetoothChatService>: ===> UNABLE TO SEND message - NOT CONNECTED <===
10-03 17:43:06.286 10038 10543 D LEE: <com.harlie.batbot.ui.control.ControlFragment>: runFixedRateTimer: FLUSH LOG
10-03 17:43:06.286 10038 10543 D LEE: <com.harlie.batbot.ui.control.ControlFragment>: send:  
10-03 17:43:06.286 10038 10543 D LEE: <com.harlie.batbot.ui.control.Control_ViewModel>: send: ' '
10-03 17:43:06.286 10038 10543 D LEE: <BluetoothChatService>: ===> send: message= 
10-03 17:43:06.286 10038 10543 D LEE: <BluetoothChatService>: getState
10-03 17:43:06.286 10038 10543 E LEE: <BluetoothChatService>: ===> UNABLE TO SEND message - NOT CONNECTED <===
10-03 17:43:08.084 10038 10542 D LEE: <BluetoothChatService>: connected, Socket Type:Secure
10-03 17:43:08.086 10038 10542 D LEE: <ConnectedThread>: ConnectedThread: socketType=Secure
10-03 17:43:08.120 10038 10559 I LEE: <ConnectedThread>: run: BEGIN mConnectedThread
10-03 17:43:08.120 10038 10559 D LEE: <ConnectedThread>: reading..
10-03 17:43:08.121 10038 10542 D LEE: <BluetoothChatService>: notifyStateChange: whatChanged=4, theState=3
10-03 17:43:08.121 10038 10542 D LEE: <BluetoothChatService>: ===> connectedDeviceName=batbot
10-03 17:43:08.121 10038 10542 D LEE: <BluetoothChatService>: send the protocol version to the server
10-03 17:43:08.121 10038 10542 D LEE: <BluetoothChatService>: ===> send: message=3,1,BatBot Android app
10-03 17:43:08.121 10038 10542 D LEE: <BluetoothChatService>: getState
10-03 17:43:08.121 10038 10542 D LEE: <BluetoothChatService>: write(message.getBytes())
10-03 17:43:08.122 10038 10542 D LEE: <BluetoothChatService>: write: out=[B@2e0dea1
10-03 17:43:08.122 10038 10542 D LEE: <ConnectedThread>: write: buffer=[B@2e0dea1
10-03 17:43:08.123 10038 10542 D LEE: <BluetoothChatService>: notifyStateChange: whatChanged=3, theState=3
10-03 17:43:08.123 10038 10542 D LEE: <BluetoothChatService>: --> SENT: 3,1,BatBot Android app
10-03 17:43:08.123 10038 10542 D LEE: <BluetoothStateChangeEvent>: post: whatChanged=3, theState=3
10-03 17:43:08.125 10038 10542 D LEE: <BluetoothChatService>: ===> send: message=ping
10-03 17:43:08.125 10038 10542 D LEE: <BluetoothChatService>: getState
10-03 17:43:08.125 10038 10542 D LEE: <BluetoothChatService>: write(message.getBytes())
10-03 17:43:08.125 10038 10542 D LEE: <BluetoothChatService>: write: out=[B@f1a08c6
10-03 17:43:08.125 10038 10542 D LEE: <ConnectedThread>: write: buffer=[B@f1a08c6
10-03 17:43:08.125 10038 10038 D LEE: <com.harlie.batbot.ui.control.ControlFragment>: onBluetoothStateChangeEvent: theState=3, whatChanged=3
10-03 17:43:08.125 10038 10542 D LEE: <BluetoothChatService>: notifyStateChange: whatChanged=3, theState=3
10-03 17:43:08.125 10038 10542 D LEE: <BluetoothChatService>: --> SENT: ping
10-03 17:43:08.125 10038 10542 D LEE: <BluetoothStateChangeEvent>: post: whatChanged=3, theState=3
10-03 17:43:08.125 10038 10542 D LEE: <BluetoothStateChangeEvent>: post: whatChanged=4, theState=3
10-03 17:43:08.126 10038 10038 D LEE: <com.harlie.batbot.ui.control.ControlFragment>: --> SENT 23 BYTES: 3,1,BatBot Android app
10-03 17:43:08.126 10038 10038 D LEE: <com.harlie.batbot.ui.control.ControlFragment>: onBluetoothStateChangeEvent: theState=3, whatChanged=3
10-03 17:43:08.126 10038 10038 D LEE: <com.harlie.batbot.ui.control.ControlFragment>: --> SENT 5 BYTES: ping
10-03 17:43:08.126 10038 10038 D LEE: <com.harlie.batbot.ui.control.ControlFragment>: onBluetoothStateChangeEvent: theState=3, whatChanged=4
10-03 17:43:08.126 10038 10038 D LEE: <com.harlie.batbot.ui.control.ControlFragment>: ===> connectedDeviceName=batbot
10-03 17:43:08.126 10038 10038 D LEE: <com.harlie.batbot.ui.control.ControlFragment>: enableButtons
10-03 17:43:08.126 10038 10038 D LEE: <com.harlie.batbot.ui.control.ControlFragment>: initializeTextViews
10-03 17:43:08.127 10038 10542 D LEE: <BluetoothChatService>: getState
10-03 17:43:08.127 10038 10542 D LEE: <BluetoothChatService>: notifyBluetoothStatus: 2 -> 3
10-03 17:43:08.128 10038 10542 D LEE: <BluetoothStatusEvent>: post: message=connected: batbot
10-03 17:43:08.155 10038 10038 D LEE: <com.harlie.batbot.ui.control.ControlFragment>: textOutput is empty
10-03 17:43:08.156 10038 10038 D LEE: <com.harlie.batbot.ui.control.ControlFragment>: logging is empty
10-03 17:43:08.156 10038 10038 D LEE: <com.harlie.batbot.ui.control.Control_ViewModel>: doClickOk
10-03 17:43:08.178 10038 10038 D LEE: <com.harlie.batbot.ui.control.ControlFragment>: observe getOkClicked()===> ok clicked=true
10-03 17:43:08.178 10038 10038 D LEE: <com.harlie.batbot.ui.control.ControlFragment>: send: click: ok
10-03 17:43:08.178 10038 10038 D LEE: <com.harlie.batbot.ui.control.Control_ViewModel>: send: 'click: ok'
10-03 17:43:08.178 10038 10038 D LEE: <BluetoothChatService>: ===> send: message=click: ok
10-03 17:43:08.178 10038 10038 D LEE: <BluetoothChatService>: getState
10-03 17:43:08.178 10038 10038 D LEE: <BluetoothChatService>: write(message.getBytes())
10-03 17:43:08.178 10038 10038 D LEE: <BluetoothChatService>: write: out=[B@d7a5977
10-03 17:43:08.178 10038 10038 D LEE: <ConnectedThread>: write: buffer=[B@d7a5977
10-03 17:43:08.179 10038 10038 D LEE: <BluetoothChatService>: notifyStateChange: whatChanged=3, theState=3
10-03 17:43:08.179 10038 10038 D LEE: <BluetoothChatService>: --> SENT: click: ok
10-03 17:43:08.179 10038 10038 D LEE: <BluetoothStateChangeEvent>: post: whatChanged=3, theState=3
10-03 17:43:08.179 10038 10038 D LEE: <com.harlie.batbot.ui.control.ControlFragment>: onBluetoothStateChangeEvent: theState=3, whatChanged=3
10-03 17:43:08.179 10038 10038 D LEE: <com.harlie.batbot.ui.control.ControlFragment>: --> SENT 9 BYTES: click: ok
10-03 17:43:08.179 10038 10038 D LEE: <com.harlie.batbot.ui.control.ControlFragment>: onBluetoothStatusEvent: message=connected: batbot
10-03 17:43:08.179 10038 10038 D LEE: <com.harlie.batbot.ui.control.ControlFragment>: msg: connected: batbot
10-03 17:43:08.286 10038 10543 D LEE: <com.harlie.batbot.ui.control.ControlFragment>: runFixedRateTimer: FLUSH LOG
10-03 17:43:08.286 10038 10543 D LEE: <com.harlie.batbot.ui.control.ControlFragment>: send:  
10-03 17:43:08.286 10038 10543 D LEE: <com.harlie.batbot.ui.control.Control_ViewModel>: send: ' '
10-03 17:43:08.286 10038 10543 D LEE: <BluetoothChatService>: ===> send: message= 
10-03 17:43:08.286 10038 10543 D LEE: <BluetoothChatService>: getState
10-03 17:43:08.286 10038 10543 D LEE: <BluetoothChatService>: write(message.getBytes())
10-03 17:43:08.286 10038 10543 D LEE: <BluetoothChatService>: write: out=[B@d6489e4
10-03 17:43:08.286 10038 10543 D LEE: <ConnectedThread>: write: buffer=[B@d6489e4
10-03 17:43:08.286 10038 10543 D LEE: <BluetoothChatService>: notifyStateChange: whatChanged=3, theState=3
10-03 17:43:08.286 10038 10543 D LEE: <BluetoothChatService>: --> SENT:  
10-03 17:43:08.286 10038 10543 D LEE: <BluetoothStateChangeEvent>: post: whatChanged=3, theState=3
10-03 17:43:08.287 10038 10038 D LEE: <com.harlie.batbot.ui.control.ControlFragment>: onBluetoothStateChangeEvent: theState=3, whatChanged=3
10-03 17:43:08.287 10038 10038 D LEE: <com.harlie.batbot.ui.control.ControlFragment>: --> SENT 1 BYTES:  
10-03 17:43:10.286 10038 10543 D LEE: <com.harlie.batbot.ui.control.ControlFragment>: runFixedRateTimer: FLUSH LOG
10-03 17:43:10.286 10038 10543 D LEE: <com.harlie.batbot.ui.control.ControlFragment>: send:  
10-03 17:43:10.286 10038 10543 D LEE: <com.harlie.batbot.ui.control.Control_ViewModel>: send: ' '
10-03 17:43:10.286 10038 10543 D LEE: <BluetoothChatService>: ===> send: message= 
10-03 17:43:10.286 10038 10543 D LEE: <BluetoothChatService>: getState
10-03 17:43:10.286 10038 10543 D LEE: <BluetoothChatService>: write(message.getBytes())
10-03 17:43:10.287 10038 10543 D LEE: <BluetoothChatService>: write: out=[B@2a5e4d
10-03 17:43:10.287 10038 10543 D LEE: <ConnectedThread>: write: buffer=[B@2a5e4d
10-03 17:43:10.288 10038 10543 D LEE: <BluetoothChatService>: notifyStateChange: whatChanged=3, theState=3
10-03 17:43:10.288 10038 10543 D LEE: <BluetoothChatService>: --> SENT:  
10-03 17:43:10.289 10038 10543 D LEE: <BluetoothStateChangeEvent>: post: whatChanged=3, theState=3
10-03 17:43:10.291 10038 10038 D LEE: <com.harlie.batbot.ui.control.ControlFragment>: onBluetoothStateChangeEvent: theState=3, whatChanged=3
10-03 17:43:10.291 10038 10038 D LEE: <com.harlie.batbot.ui.control.ControlFragment>: --> SENT 1 BYTES:  
10-03 17:43:12.285 10038 10543 D LEE: <com.harlie.batbot.ui.control.ControlFragment>: runFixedRateTimer: FLUSH LOG
10-03 17:43:12.286 10038 10543 D LEE: <com.harlie.batbot.ui.control.ControlFragment>: send:  
10-03 17:43:12.286 10038 10543 D LEE: <com.harlie.batbot.ui.control.Control_ViewModel>: send: ' '
10-03 17:43:12.286 10038 10543 D LEE: <BluetoothChatService>: ===> send: message= 
10-03 17:43:12.286 10038 10543 D LEE: <BluetoothChatService>: getState
10-03 17:43:12.286 10038 10543 D LEE: <BluetoothChatService>: write(message.getBytes())
10-03 17:43:12.287 10038 10543 D LEE: <BluetoothChatService>: write: out=[B@753cd02
10-03 17:43:12.288 10038 10543 D LEE: <ConnectedThread>: write: buffer=[B@753cd02
10-03 17:43:12.290 10038 10543 D LEE: <BluetoothChatService>: notifyStateChange: whatChanged=3, theState=3
10-03 17:43:12.290 10038 10543 D LEE: <BluetoothChatService>: --> SENT:  
10-03 17:43:12.291 10038 10543 D LEE: <BluetoothStateChangeEvent>: post: whatChanged=3, theState=3
10-03 17:43:12.293 10038 10038 D LEE: <com.harlie.batbot.ui.control.ControlFragment>: onBluetoothStateChangeEvent: theState=3, whatChanged=3
10-03 17:43:12.293 10038 10038 D LEE: <com.harlie.batbot.ui.control.ControlFragment>: --> SENT 1 BYTES:  
10-03 17:43:14.285 10038 10543 D LEE: <com.harlie.batbot.ui.control.ControlFragment>: runFixedRateTimer: FLUSH LOG
10-03 17:43:14.285 10038 10543 D LEE: <com.harlie.batbot.ui.control.ControlFragment>: send:  
10-03 17:43:14.285 10038 10543 D LEE: <com.harlie.batbot.ui.control.Control_ViewModel>: send: ' '
10-03 17:43:14.285 10038 10543 D LEE: <BluetoothChatService>: ===> send: message= 
10-03 17:43:14.285 10038 10543 D LEE: <BluetoothChatService>: getState
10-03 17:43:14.285 10038 10543 D LEE: <BluetoothChatService>: write(message.getBytes())
10-03 17:43:14.286 10038 10543 D LEE: <BluetoothChatService>: write: out=[B@8b11613
10-03 17:43:14.286 10038 10543 D LEE: <ConnectedThread>: write: buffer=[B@8b11613
10-03 17:43:14.286 10038 10543 D LEE: <BluetoothChatService>: notifyStateChange: whatChanged=3, theState=3
10-03 17:43:14.286 10038 10543 D LEE: <BluetoothChatService>: --> SENT:  
10-03 17:43:14.287 10038 10543 D LEE: <BluetoothStateChangeEvent>: post: whatChanged=3, theState=3
10-03 17:43:14.290 10038 10038 D LEE: <com.harlie.batbot.ui.control.ControlFragment>: onBluetoothStateChangeEvent: theState=3, whatChanged=3
10-03 17:43:14.290 10038 10038 D LEE: <com.harlie.batbot.ui.control.ControlFragment>: --> SENT 1 BYTES:  
10-03 17:43:16.286 10038 10543 D LEE: <com.harlie.batbot.ui.control.ControlFragment>: runFixedRateTimer: FLUSH LOG
10-03 17:43:16.286 10038 10543 D LEE: <com.harlie.batbot.ui.control.ControlFragment>: send:  
10-03 17:43:16.286 10038 10543 D LEE: <com.harlie.batbot.ui.control.Control_ViewModel>: send: ' '
10-03 17:43:16.286 10038 10543 D LEE: <BluetoothChatService>: ===> send: message= 
10-03 17:43:16.286 10038 10543 D LEE: <BluetoothChatService>: getState
10-03 17:43:16.286 10038 10543 D LEE: <BluetoothChatService>: write(message.getBytes())
10-03 17:43:16.287 10038 10543 D LEE: <BluetoothChatService>: write: out=[B@dd26050
10-03 17:43:16.287 10038 10543 D LEE: <ConnectedThread>: write: buffer=[B@dd26050
10-03 17:43:16.288 10038 10543 D LEE: <BluetoothChatService>: notifyStateChange: whatChanged=3, theState=3
10-03 17:43:16.288 10038 10543 D LEE: <BluetoothChatService>: --> SENT:  
10-03 17:43:16.288 10038 10543 D LEE: <BluetoothStateChangeEvent>: post: whatChanged=3, theState=3
10-03 17:43:16.291 10038 10038 D LEE: <com.harlie.batbot.ui.control.ControlFragment>: onBluetoothStateChangeEvent: theState=3, whatChanged=3
10-03 17:43:16.292 10038 10038 D LEE: <com.harlie.batbot.ui.control.ControlFragment>: --> SENT 1 BYTES:  
10-03 17:43:17.143 10038 10559 D LEE: <ConnectedThread>: send the message data
10-03 17:43:17.144 10038 10559 D LEE: <ConnectedThread>: notifyStateChange(Constants.MESSAGE_READ, mState, bundle);
10-03 17:43:17.144 10038 10559 D LEE: <BluetoothChatService>: notifyStateChange: whatChanged=2, theState=3
10-03 17:43:17.145 10038 10559 D LEE: <BluetoothChatService>: --> READ: size=990, buffer=10/03/2019 16:55:37 State: default stopped, Joystick: STOP 0
10-03 17:43:17.145 10038 10559 D LEE: <BluetoothChatService>: 10/03/2019 16:55:42 State: default stopped, Joystick: STOP 0
10-03 17:43:17.145 10038 10559 D LEE: <BluetoothChatService>: 10/03/2019 16:55:44 Distance Ahead=38
10-03 17:43:17.145 10038 10559 D LEE: <BluetoothChatService>: 10/03/2019 16:55:46 Distance Ahead=78
10-03 17:43:17.145 10038 10559 D LEE: <BluetoothChatService>: 10/03/2019 16:55:47 State: default stopped, Joystick: STOP 0
10-03 17:43:17.145 10038 10559 D LEE: <BluetoothChatService>: 10/03/2019 16:55:47 Distance Ahead=85
10-03 17:43:17.145 10038 10559 D LEE: <BluetoothChatService>: 10/03/2019 16:55:52 State: default stopped, Joystick: STOP 0
10-03 17:43:17.145 10038 10559 D LEE: <BluetoothChatService>: 10/03/2019 16:55:54 Distance Ahead=56
10-03 17:43:17.145 10038 10559 D LEE: <BluetoothChatService>: 10/03/2019 16:55:55 Distance Ahead=28
10-03 17:43:17.145 10038 10559 D LEE: <BluetoothChatService>: 10/03/2019 16:55:56 Distance Ahead=85
10-03 17:43:17.145 10038 10559 D LEE: <BluetoothChatService>: 10/03/2019 16:55:57 State: default stopped, Joystick: STOP 0
10-03 17:43:17.145 10038 10559 D LEE: <BluetoothChatService>: 10/03/2019 16:56:02 State: default stopped, Joystick: STOP 0
10-03 17:43:17.145 10038 10559 D LEE: <BluetoothChatService>: 10/03/2019 16:56:07 State: default stopped, Joystick: STOP 0
10-03 17:43:17.145 10038 10559 D LEE: <BluetoothChatService>: 10/03/2019 16:56:12 State: default stopped, Joystick: STOP 0
10-03 17:43:17.145 10038 10559 D LEE: <BluetoothChatService>: 10/03/2019 16:56:17 State: default stopped, Joystick: STOP 0
10-03 17:43:17.145 10038 10559 D LEE: <BluetoothChatService>: 10/03/2019 16:56:22 State: default stopped, Joystick: STOP 0
10-03 17:43:17.145 10038 10559 D LEE: <BluetoothChatService>: 10/03/2019 16:56:27 State: default stopped, Joystick: STOP 0
10-03 17:43:17.145 10038 10559 D LEE: <BluetoothChatService>: 10/03/2019 16:56:32 State: default stopped, Joystick: STOP 0
10-03 17:43:17.145 10038 10559 D LEE: <BluetoothChatService>: 10/03/2019 1
10-03 17:43:17.145 10038 10559 D LEE: <BluetoothStateChangeEvent>: post: whatChanged=2, theState=3
10-03 17:43:17.146 10038 10559 D LEE: <ConnectedThread>: reading..
10-03 17:43:17.147 10038 10038 D LEE: <com.harlie.batbot.ui.control.ControlFragment>: onBluetoothStateChangeEvent: theState=3, whatChanged=2
10-03 17:43:17.148 10038 10038 D LEE: <com.harlie.batbot.ui.control.ControlFragment>: --> READ 990 BYTES: 10/03/2019 16:55:37 State: default stopped, Joystick: STOP 0
10-03 17:43:17.148 10038 10038 D LEE: <com.harlie.batbot.ui.control.ControlFragment>: 10/03/2019 16:55:42 State: default stopped, Joystick: STOP 0
10-03 17:43:17.148 10038 10038 D LEE: <com.harlie.batbot.ui.control.ControlFragment>: 10/03/2019 16:55:44 Distance Ahead=38
10-03 17:43:17.148 10038 10038 D LEE: <com.harlie.batbot.ui.control.ControlFragment>: 10/03/2019 16:55:46 Distance Ahead=78
10-03 17:43:17.148 10038 10038 D LEE: <com.harlie.batbot.ui.control.ControlFragment>: 10/03/2019 16:55:47 State: default stopped, Joystick: STOP 0
10-03 17:43:17.148 10038 10038 D LEE: <com.harlie.batbot.ui.control.ControlFragment>: 10/03/2019 16:55:47 Distance Ahead=85
10-03 17:43:17.148 10038 10038 D LEE: <com.harlie.batbot.ui.control.ControlFragment>: 10/03/2019 16:55:52 State: default stopped, Joystick: STOP 0
10-03 17:43:17.148 10038 10038 D LEE: <com.harlie.batbot.ui.control.ControlFragment>: 10/03/2019 16:55:54 Distance Ahead=56
10-03 17:43:17.148 10038 10038 D LEE: <com.harlie.batbot.ui.control.ControlFragment>: 10/03/2019 16:55:55 Distance Ahead=28
10-03 17:43:17.148 10038 10038 D LEE: <com.harlie.batbot.ui.control.ControlFragment>: 10/03/2019 16:55:56 Distance Ahead=85
10-03 17:43:17.148 10038 10038 D LEE: <com.harlie.batbot.ui.control.ControlFragment>: 10/03/2019 16:55:57 State: default stopped, Joystick: STOP 0
10-03 17:43:17.148 10038 10038 D LEE: <com.harlie.batbot.ui.control.ControlFragment>: 10/03/2019 16:56:02 State: default stopped, Joystick: STOP 0
10-03 17:43:17.148 10038 10038 D LEE: <com.harlie.batbot.ui.control.ControlFragment>: 10/03/2019 16:56:07 State: default stopped, Joystick: STOP 0
10-03 17:43:17.148 10038 10038 D LEE: <com.harlie.batbot.ui.control.ControlFragment>: 10/03/2019 16:56:12 State: default stopped, Joystick: STOP 0
10-03 17:43:17.148 10038 10038 D LEE: <com.harlie.batbot.ui.control.ControlFragment>: 10/03/2019 16:56:17 State: default stopped, Joystick: STOP 0
10-03 17:43:17.148 10038 10038 D LEE: <com.harlie.batbot.ui.control.ControlFragment>: 10/03/2019 16:56:22 State: default stopped, Joystick: STOP 0
10-03 17:43:17.148 10038 10038 D LEE: <com.harlie.batbot.ui.control.ControlFragment>: 10/03/2019 16:56:27 State: default stopped, Joystick: STOP 0
10-03 17:43:17.148 10038 10038 D LEE: <com.harlie.batbot.ui.control.ControlFragment>: 10/03/2019 16:56:32 State: default stopped, Joystick: STOP 0
10-03 17:43:17.148 10038 10038 D LEE: <com.harlie.batbot.ui.control.ControlFragment>: 10/03/2019 1
10-03 17:43:17.168 10038 10559 D LEE: <ConnectedThread>: send the message data
10-03 17:43:17.169 10038 10559 D LEE: <ConnectedThread>: notifyStateChange(Constants.MESSAGE_READ, mState, bundle);
10-03 17:43:17.169 10038 10559 D LEE: <BluetoothChatService>: notifyStateChange: whatChanged=2, theState=3
10-03 17:43:17.170 10038 10559 D LEE: <BluetoothChatService>: --> READ: size=990, buffer=6:56:37 State: default stopped, Joystick: STOP 0
10-03 17:43:17.170 10038 10559 D LEE: <BluetoothChatService>: 10/03/2019 16:56:42 State: default stopped, Joystick: STOP 0
10-03 17:43:17.170 10038 10559 D LEE: <BluetoothChatService>: 10/03/2019 16:56:47 State: default stopped, Joystick: STOP 0
10-03 17:43:17.170 10038 10559 D LEE: <BluetoothChatService>: 10/03/2019 16:56:52 State: default stopped, Joystick: STOP 0
10-03 17:43:17.170 10038 10559 D LEE: <BluetoothChatService>: 10/03/2019 16:56:57 State: default stopped, Joystick: STOP 0
10-03 17:43:17.170 10038 10559 D LEE: <BluetoothChatService>: 10/03/2019 16:57:02 State: default stopped, Joystick: STOP 0
10-03 17:43:17.170 10038 10559 D LEE: <BluetoothChatService>: 10/03/2019 16:57:07 State: default stopped, Joystick: STOP 0
10-03 17:43:17.170 10038 10559 D LEE: <BluetoothChatService>: 10/03/2019 16:57:12 State: default stopped, Joystick: STOP 0
10-03 17:43:17.170 10038 10559 D LEE: <BluetoothChatService>: 10/03/2019 16:57:17 State: default stopped, Joystick: STOP 0
10-03 17:43:17.170 10038 10559 D LEE: <BluetoothChatService>: 10/03/2019 16:57:22 State: default stopped, Joystick: STOP 0
10-03 17:43:17.170 10038 10559 D LEE: <BluetoothChatService>: 10/03/2019 16:57:27 State: default stopped, Joystick: STOP 0
10-03 17:43:17.170 10038 10559 D LEE: <BluetoothChatService>: 10/03/2019 16:57:32 State: default stopped, Joystick: STOP 0
10-03 17:43:17.170 10038 10559 D LEE: <BluetoothChatService>: 10/03/2019 16:57:37 State: default stopped, Joystick: STOP 0
10-03 17:43:17.170 10038 10559 D LEE: <BluetoothChatService>: 10/03/2019 16:57:42 State: default stopped, Joystick: STOP 0
10-03 17:43:17.170 10038 10559 D LEE: <BluetoothChatService>: 10/03/2019 16:57:47 State: default stopped, Joystick: STOP 0
10-03 17:43:17.170 10038 10559 D LEE: <BluetoothChatService>: 10/03/2019 16:57:48 Distance Ahead=104
10-03 17:43:17.170 10038 10559 D LEE: <BluetoothChatService>: 10/03/2019 16:57:49 Distance Ahe
10-03 17:43:17.170 10038 10559 D LEE: <BluetoothStateChangeEvent>: post: whatChanged=2, theState=3
10-03 17:43:17.171 10038 10559 D LEE: <ConnectedThread>: reading..
10-03 17:43:17.222 10038 10559 D LEE: <ConnectedThread>: send the message data
10-03 17:43:17.223 10038 10559 D LEE: <ConnectedThread>: notifyStateChange(Constants.MESSAGE_READ, mState, bundle);
10-03 17:43:17.223 10038 10559 D LEE: <BluetoothChatService>: notifyStateChange: whatChanged=2, theState=3
10-03 17:43:17.223 10038 10559 D LEE: <BluetoothChatService>: --> READ: size=990, buffer=ad=90
10-03 17:43:17.223 10038 10559 D LEE: <BluetoothChatService>: 10/03/2019 16:57:52 Distance Ahead=105
10-03 17:43:17.223 10038 10559 D LEE: <BluetoothChatService>: 10/03/2019 16:57:52 State: default stopped, Joystick: STOP 0
10-03 17:43:17.223 10038 10559 D LEE: <BluetoothChatService>: 10/03/2019 16:57:57 State: default stopped, Joystick: STOP 0
10-03 17:43:17.223 10038 10559 D LEE: <BluetoothChatService>: 10/03/2019 16:57:58 Distance Ahead=89
10-03 17:43:17.223 10038 10559 D LEE: <BluetoothChatService>: 10/03/2019 16:57:58 Distance Ahead=104
10-03 17:43:17.223 10038 10559 D LEE: <BluetoothChatService>: 10/03/2019 16:58:02 State: default stopped, Joystick: STOP 0
10-03 17:43:17.223 10038 10559 D LEE: <BluetoothChatService>: 10/03/2019 16:58:07 State: default stopped, Joystick: STOP 0
10-03 17:43:17.223 10038 10559 D LEE: <BluetoothChatService>: 10/03/2019 16:58:12 State: default stopped, Joystick: STOP 0
10-03 17:43:17.223 10038 10559 D LEE: <BluetoothChatService>: 10/03/2019 16:58:16 Distance Ahead=100
10-03 17:43:17.223 10038 10559 D LEE: <BluetoothChatService>: 10/03/2019 16:58:17 Distance Ahead=83
10-03 17:43:17.223 10038 10559 D LEE: <BluetoothChatService>: 10/03/2019 16:58:17 State: default stopped, Joystick: STOP 0
10-03 17:43:17.223 10038 10559 D LEE: <BluetoothChatService>: 10/03/2019 16:58:18 Distance Ahead=87
10-03 17:43:17.223 10038 10559 D LEE: <BluetoothChatService>: 10/03/2019 16:58:21 Distance Ahead=92
10-03 17:43:17.223 10038 10559 D LEE: <BluetoothChatService>: 10/03/2019 16:58:22 State: default stopped, Joystick: STOP 0
10-03 17:43:17.223 10038 10559 D LEE: <BluetoothChatService>: 10/03/2019 16:58:22 Distance Ahead=106
10-03 17:43:17.223 10038 10559 D LEE: <BluetoothChatService>: 10/03/2019 16:58:27 State: default stopped, Joystick: STOP 0
10-03 17:43:17.223 10038 10559 D LEE: <BluetoothChatService>: 10/03/2019 16:58:32 State: default stopped, Joystick: STOP 0
10-03 17:43:17.223 10038 10559 D LEE: <BluetoothChatService>: 10/03/2019 16:58:37 State: default stopped, Joystick: STOP 0
10-03 17:43:17.223 10038 10559 D LEE: <BluetoothChatService>: 10/03/2019 16:58:42 State: default stopped, Joy
10-03 17:43:17.223 10038 10559 D LEE: <BluetoothStateChangeEvent>: post: whatChanged=2, theState=3
10-03 17:43:17.224 10038 10559 D LEE: <ConnectedThread>: reading..
10-03 17:43:17.243 10038 10038 D LEE: <com.harlie.batbot.ui.control.ControlFragment>: no ping reply yet
10-03 17:43:17.262 10038 10038 D LEE: <com.harlie.batbot.ui.control.ControlFragment>: onBluetoothStateChangeEvent: theState=3, whatChanged=2
10-03 17:43:17.263 10038 10038 D LEE: <com.harlie.batbot.ui.control.ControlFragment>: --> READ 990 BYTES: 6:56:37 State: default stopped, Joystick: STOP 0
10-03 17:43:17.263 10038 10038 D LEE: <com.harlie.batbot.ui.control.ControlFragment>: 10/03/2019 16:56:42 State: default stopped, Joystick: STOP 0
10-03 17:43:17.263 10038 10038 D LEE: <com.harlie.batbot.ui.control.ControlFragment>: 10/03/2019 16:56:47 State: default stopped, Joystick: STOP 0
10-03 17:43:17.263 10038 10038 D LEE: <com.harlie.batbot.ui.control.ControlFragment>: 10/03/2019 16:56:52 State: default stopped, Joystick: STOP 0
10-03 17:43:17.263 10038 10038 D LEE: <com.harlie.batbot.ui.control.ControlFragment>: 10/03/2019 16:56:57 State: default stopped, Joystick: STOP 0
10-03 17:43:17.263 10038 10038 D LEE: <com.harlie.batbot.ui.control.ControlFragment>: 10/03/2019 16:57:02 State: default stopped, Joystick: STOP 0
10-03 17:43:17.263 10038 10038 D LEE: <com.harlie.batbot.ui.control.ControlFragment>: 10/03/2019 16:57:07 State: default stopped, Joystick: STOP 0
10-03 17:43:17.263 10038 10038 D LEE: <com.harlie.batbot.ui.control.ControlFragment>: 10/03/2019 16:57:12 State: default stopped, Joystick: STOP 0
10-03 17:43:17.263 10038 10038 D LEE: <com.harlie.batbot.ui.control.ControlFragment>: 10/03/2019 16:57:17 State: default stopped, Joystick: STOP 0
10-03 17:43:17.263 10038 10038 D LEE: <com.harlie.batbot.ui.control.ControlFragment>: 10/03/2019 16:57:22 State: default stopped, Joystick: STOP 0
10-03 17:43:17.263 10038 10038 D LEE: <com.harlie.batbot.ui.control.ControlFragment>: 10/03/2019 16:57:27 State: default stopped, Joystick: STOP 0
10-03 17:43:17.263 10038 10038 D LEE: <com.harlie.batbot.ui.control.ControlFragment>: 10/03/2019 16:57:32 State: default stopped, Joystick: STOP 0
10-03 17:43:17.263 10038 10038 D LEE: <com.harlie.batbot.ui.control.ControlFragment>: 10/03/2019 16:57:37 State: default stopped, Joystick: STOP 0
10-03 17:43:17.263 10038 10038 D LEE: <com.harlie.batbot.ui.control.ControlFragment>: 10/03/2019 16:57:42 State: default stopped, Joystick: STOP 0
10-03 17:43:17.263 10038 10038 D LEE: <com.harlie.batbot.ui.control.ControlFragment>: 10/03/2019 16:57:47 State: default stopped, Joystick: STOP 0
10-03 17:43:17.263 10038 10038 D LEE: <com.harlie.batbot.ui.control.ControlFragment>: 10/03/2019 16:57:48 Distance Ahead=104
10-03 17:43:17.263 10038 10038 D LEE: <com.harlie.batbot.ui.control.ControlFragment>: 10/03/2019 16:57:49 Distance Ahe
10-03 17:43:17.267 10038 10038 D LEE: <com.harlie.batbot.ui.control.ControlFragment>: no ping reply yet
10-03 17:43:17.267 10038 10038 D LEE: <com.harlie.batbot.ui.control.ControlFragment>: onBluetoothStateChangeEvent: theState=3, whatChanged=2
10-03 17:43:17.267 10038 10038 D LEE: <com.harlie.batbot.ui.control.ControlFragment>: --> READ 990 BYTES: ad=90
10-03 17:43:17.267 10038 10038 D LEE: <com.harlie.batbot.ui.control.ControlFragment>: 10/03/2019 16:57:52 Distance Ahead=105
10-03 17:43:17.267 10038 10038 D LEE: <com.harlie.batbot.ui.control.ControlFragment>: 10/03/2019 16:57:52 State: default stopped, Joystick: STOP 0
10-03 17:43:17.267 10038 10038 D LEE: <com.harlie.batbot.ui.control.ControlFragment>: 10/03/2019 16:57:57 State: default stopped, Joystick: STOP 0
10-03 17:43:17.267 10038 10038 D LEE: <com.harlie.batbot.ui.control.ControlFragment>: 10/03/2019 16:57:58 Distance Ahead=89
10-03 17:43:17.267 10038 10038 D LEE: <com.harlie.batbot.ui.control.ControlFragment>: 10/03/2019 16:57:58 Distance Ahead=104
10-03 17:43:17.267 10038 10038 D LEE: <com.harlie.batbot.ui.control.ControlFragment>: 10/03/2019 16:58:02 State: default stopped, Joystick: STOP 0
10-03 17:43:17.267 10038 10038 D LEE: <com.harlie.batbot.ui.control.ControlFragment>: 10/03/2019 16:58:07 State: default stopped, Joystick: STOP 0
10-03 17:43:17.267 10038 10038 D LEE: <com.harlie.batbot.ui.control.ControlFragment>: 10/03/2019 16:58:12 State: default stopped, Joystick: STOP 0
10-03 17:43:17.267 10038 10038 D LEE: <com.harlie.batbot.ui.control.ControlFragment>: 10/03/2019 16:58:16 Distance Ahead=100
10-03 17:43:17.267 10038 10038 D LEE: <com.harlie.batbot.ui.control.ControlFragment>: 10/03/2019 16:58:17 Distance Ahead=83
10-03 17:43:17.267 10038 10038 D LEE: <com.harlie.batbot.ui.control.ControlFragment>: 10/03/2019 16:58:17 State: default stopped, Joystick: STOP 0
10-03 17:43:17.267 10038 10038 D LEE: <com.harlie.batbot.ui.control.ControlFragment>: 10/03/2019 16:58:18 Distance Ahead=87
10-03 17:43:17.267 10038 10038 D LEE: <com.harlie.batbot.ui.control.ControlFragment>: 10/03/2019 16:58:21 Distance Ahead=92
10-03 17:43:17.267 10038 10038 D LEE: <com.harlie.batbot.ui.control.ControlFragment>: 10/03/2019 16:58:22 State: default stopped, Joystick: STOP 0
10-03 17:43:17.267 10038 10038 D LEE: <com.harlie.batbot.ui.control.ControlFragment>: 10/03/2019 16:58:22 Distance Ahead=106
10-03 17:43:17.267 10038 10038 D LEE: <com.harlie.batbot.ui.control.ControlFragment>: 10/03/2019 16:58:27 State: default stopped, Joystick: STOP 0
10-03 17:43:17.267 10038 10038 D LEE: <com.harlie.batbot.ui.control.ControlFragment>: 10/03/2019 16:58:32 State: default stopped, Joystick: STOP 0
10-03 17:43:17.267 10038 10038 D LEE: <com.harlie.batbot.ui.control.ControlFragment>: 10/03/2019 16:58:37 State: default stopped, Joystick: STOP 0
10-03 17:43:17.267 10038 10038 D LEE: <com.harlie.batbot.ui.control.ControlFragment>: 10/03/2019 16:58:42 State: default stopped, Joy
10-03 17:43:17.271 10038 10038 D LEE: <com.harlie.batbot.ui.control.ControlFragment>: no ping reply yet
10-03 17:43:17.321 10038 10559 D LEE: <ConnectedThread>: send the message data
10-03 17:43:17.321 10038 10559 D LEE: <ConnectedThread>: notifyStateChange(Constants.MESSAGE_READ, mState, bundle);
10-03 17:43:17.321 10038 10559 D LEE: <BluetoothChatService>: notifyStateChange: whatChanged=2, theState=3
10-03 17:43:17.322 10038 10559 D LEE: <BluetoothChatService>: --> READ: size=990, buffer=stick: STOP 0
10-03 17:43:17.322 10038 10559 D LEE: <BluetoothChatService>: 10/03/2019 16:58:47 State: default stopped, Joystick: STOP 0
10-03 17:43:17.322 10038 10559 D LEE: <BluetoothChatService>: 10/03/2019 16:58:52 State: default stopped, Joystick: STOP 0
10-03 17:43:17.322 10038 10559 D LEE: <BluetoothChatService>: 10/03/2019 16:58:57 State: default stopped, Joystick: STOP 0
10-03 17:43:17.322 10038 10559 D LEE: <BluetoothChatService>: 10/03/2019 16:59:02 State: default stopped, Joystick: STOP 0
10-03 17:43:17.322 10038 10559 D LEE: <BluetoothChatService>: 10/03/2019 16:59:07 State: default stopped, Joystick: STOP 0
10-03 17:43:17.322 10038 10559 D LEE: <BluetoothChatService>: 10/03/2019 16:59:12 State: default stopped, Joystick: STOP 0
10-03 17:43:17.322 10038 10559 D LEE: <BluetoothChatService>: 10/03/2019 16:59:17 State: default stopped, Joystick: STOP 0
10-03 17:43:17.322 10038 10559 D LEE: <BluetoothChatService>: 10/03/2019 16:59:22 State: default stopped, Joystick: STOP 0
10-03 17:43:17.322 10038 10559 D LEE: <BluetoothChatService>: 10/03/2019 16:59:27 State: default stopped, Joystick: STOP 0
10-03 17:43:17.322 10038 10559 D LEE: <BluetoothChatService>: 10/03/2019 16:59:32 State: default stopped, Joystick: STOP 0
10-03 17:43:17.322 10038 10559 D LEE: <BluetoothChatService>: 10/03/2019 16:59:37 State: default stopped, Joystick: STOP 0
10-03 17:43:17.322 10038 10559 D LEE: <BluetoothChatService>: 10/03/2019 16:59:42 State: default stopped, Joystick: STOP 0
10-03 17:43:17.322 10038 10559 D LEE: <BluetoothChatService>: 10/03/2019 16:59:47 State: default stopped, Joystick: STOP 0
10-03 17:43:17.322 10038 10559 D LEE: <BluetoothChatService>: 10/03/2019 16:59:52 State: default stopped, Joystick: STOP 0
10-03 17:43:17.322 10038 10559 D LEE: <BluetoothChatService>: 10/03/2019 16:59:57 State: default stopped, Joystick: STOP 0
10-03 17:43:17.322 10038 10559 D LEE: <BluetoothChatService>: 10/03/2019 17:00:02 State: default stopped, J
10-03 17:43:17.322 10038 10559 D LEE: <BluetoothStateChangeEvent>: post: whatChanged=2, theState=3
10-03 17:43:17.322 10038 10559 D LEE: <ConnectedThread>: reading..
10-03 17:43:17.322 10038 10038 D LEE: <com.harlie.batbot.ui.control.ControlFragment>: onBluetoothStateChangeEvent: theState=3, whatChanged=2
10-03 17:43:17.322 10038 10038 D LEE: <com.harlie.batbot.ui.control.ControlFragment>: --> READ 990 BYTES: stick: STOP 0
10-03 17:43:17.322 10038 10038 D LEE: <com.harlie.batbot.ui.control.ControlFragment>: 10/03/2019 16:58:47 State: default stopped, Joystick: STOP 0
10-03 17:43:17.322 10038 10038 D LEE: <com.harlie.batbot.ui.control.ControlFragment>: 10/03/2019 16:58:52 State: default stopped, Joystick: STOP 0
10-03 17:43:17.322 10038 10038 D LEE: <com.harlie.batbot.ui.control.ControlFragment>: 10/03/2019 16:58:57 State: default stopped, Joystick: STOP 0
10-03 17:43:17.322 10038 10038 D LEE: <com.harlie.batbot.ui.control.ControlFragment>: 10/03/2019 16:59:02 State: default stopped, Joystick: STOP 0
10-03 17:43:17.322 10038 10038 D LEE: <com.harlie.batbot.ui.control.ControlFragment>: 10/03/2019 16:59:07 State: default stopped, Joystick: STOP 0
10-03 17:43:17.322 10038 10038 D LEE: <com.harlie.batbot.ui.control.ControlFragment>: 10/03/2019 16:59:12 State: default stopped, Joystick: STOP 0
10-03 17:43:17.322 10038 10038 D LEE: <com.harlie.batbot.ui.control.ControlFragment>: 10/03/2019 16:59:17 State: default stopped, Joystick: STOP 0
10-03 17:43:17.322 10038 10038 D LEE: <com.harlie.batbot.ui.control.ControlFragment>: 10/03/2019 16:59:22 State: default stopped, Joystick: STOP 0
10-03 17:43:17.322 10038 10038 D LEE: <com.harlie.batbot.ui.control.ControlFragment>: 10/03/2019 16:59:27 State: default stopped, Joystick: STOP 0
10-03 17:43:17.322 10038 10038 D LEE: <com.harlie.batbot.ui.control.ControlFragment>: 10/03/2019 16:59:32 State: default stopped, Joystick: STOP 0
10-03 17:43:17.322 10038 10038 D LEE: <com.harlie.batbot.ui.control.ControlFragment>: 10/03/2019 16:59:37 State: default stopped, Joystick: STOP 0
10-03 17:43:17.322 10038 10038 D LEE: <com.harlie.batbot.ui.control.ControlFragment>: 10/03/2019 16:59:42 State: default stopped, Joystick: STOP 0
10-03 17:43:17.322 10038 10038 D LEE: <com.harlie.batbot.ui.control.ControlFragment>: 10/03/2019 16:59:47 State: default stopped, Joystick: STOP 0
10-03 17:43:17.322 10038 10038 D LEE: <com.harlie.batbot.ui.control.ControlFragment>: 10/03/2019 16:59:52 State: default stopped, Joystick: STOP 0
10-03 17:43:17.322 10038 10038 D LEE: <com.harlie.batbot.ui.control.ControlFragment>: 10/03/2019 16:59:57 State: default stopped, Joystick: STOP 0
10-03 17:43:17.322 10038 10038 D LEE: <com.harlie.batbot.ui.control.ControlFragment>: 10/03/2019 17:00:02 State: default stopped, J
10-03 17:43:17.322 10038 10559 D LEE: <ConnectedThread>: send the message data
10-03 17:43:17.322 10038 10559 D LEE: <ConnectedThread>: notifyStateChange(Constants.MESSAGE_READ, mState, bundle);
10-03 17:43:17.322 10038 10559 D LEE: <BluetoothChatService>: notifyStateChange: whatChanged=2, theState=3
10-03 17:43:17.322 10038 10559 D LEE: <BluetoothChatService>: --> READ: size=164, buffer=oystick: STOP 0
10-03 17:43:17.322 10038 10559 D LEE: <BluetoothChatService>: 10/03/2019 17:00:07 State: tate: default stopped, Joystick: STOP 0
10-03 17:43:17.322 10038 10559 D LEE: <BluetoothChatService>: 10/03/2019 17:43:03 Distance Ahead=51
10-03 17:43:17.322 10038 10559 D LEE: <BluetoothChatService>: 10/03/2019 17:43:04 Distance Ahead=201
10-03 17:43:17.322 10038 10559 D LEE: <BluetoothStateChangeEvent>: post: whatChanged=2, theState=3
10-03 17:43:17.323 10038 10559 D LEE: <ConnectedThread>: reading..
10-03 17:43:17.325 10038 10038 D LEE: <com.harlie.batbot.ui.control.ControlFragment>: no ping reply yet
10-03 17:43:17.325 10038 10038 D LEE: <com.harlie.batbot.ui.control.ControlFragment>: onBluetoothStateChangeEvent: theState=3, whatChanged=2
10-03 17:43:17.325 10038 10038 D LEE: <com.harlie.batbot.ui.control.ControlFragment>: --> READ 164 BYTES: oystick: STOP 0
10-03 17:43:17.325 10038 10038 D LEE: <com.harlie.batbot.ui.control.ControlFragment>: 10/03/2019 17:00:07 State: tate: default stopped, Joystick: STOP 0
10-03 17:43:17.325 10038 10038 D LEE: <com.harlie.batbot.ui.control.ControlFragment>: 10/03/2019 17:43:03 Distance Ahead=51
10-03 17:43:17.325 10038 10038 D LEE: <com.harlie.batbot.ui.control.ControlFragment>: 10/03/2019 17:43:04 Distance Ahead=201
10-03 17:43:17.327 10038 10038 D LEE: <com.harlie.batbot.ui.control.ControlFragment>: no ping reply yet
10-03 17:43:17.516 10038 10559 D LEE: <ConnectedThread>: send the message data
10-03 17:43:17.516 10038 10559 D LEE: <ConnectedThread>: notifyStateChange(Constants.MESSAGE_READ, mState, bundle);
10-03 17:43:17.516 10038 10559 D LEE: <BluetoothChatService>: notifyStateChange: whatChanged=2, theState=3
10-03 17:43:17.516 10038 10559 D LEE: <BluetoothChatService>: --> READ: size=315, buffer=--> ping
10-03 17:43:17.516 10038 10559 D LEE: <BluetoothChatService>: 
10-03 17:43:17.516 10038 10559 D LEE: <BluetoothChatService>: ! ---> some key words i know:
10-03 17:43:17.516 10038 10559 D LEE: <BluetoothChatService>: ! look ahead, look right, look left, forward, back, right, left, spin, stop, faster, slower, follow, find [object], avoid, identify, learn, map, monitor, high/medium/low resolution, photo, sensor values, fortune, IP address, ping, my name, algorithm, kill server, and help.
10-03 17:43:17.516 10038 10559 D LEE: <BluetoothChatService>: 
10-03 17:43:17.516 10038 10559 D LEE: <BluetoothStateChangeEvent>: post: whatChanged=2, theState=3
10-03 17:43:17.516 10038 10559 D LEE: <ConnectedThread>: reading..
10-03 17:43:17.517 10038 10038 D LEE: <com.harlie.batbot.ui.control.ControlFragment>: onBluetoothStateChangeEvent: theState=3, whatChanged=2
10-03 17:43:17.517 10038 10038 D LEE: <com.harlie.batbot.ui.control.ControlFragment>: --> READ 315 BYTES: --> ping
10-03 17:43:17.517 10038 10038 D LEE: <com.harlie.batbot.ui.control.ControlFragment>: 
10-03 17:43:17.517 10038 10038 D LEE: <com.harlie.batbot.ui.control.ControlFragment>: ! ---> some key words i know:
10-03 17:43:17.517 10038 10038 D LEE: <com.harlie.batbot.ui.control.ControlFragment>: ! look ahead, look right, look left, forward, back, right, left, spin, stop, faster, slower, follow, find [object], avoid, identify, learn, map, monitor, high/medium/low resolution, photo, sensor values, fortune, IP address, ping, my name, algorithm, kill server, and help.
10-03 17:43:17.517 10038 10038 D LEE: <com.harlie.batbot.ui.control.ControlFragment>: 
10-03 17:43:17.522 10038 10038 D LEE: <com.harlie.batbot.ui.control.ControlFragment>: --> got ping reply <--
10-03 17:43:17.526 10038 10559 D LEE: <ConnectedThread>: send the message data
10-03 17:43:17.526 10038 10559 D LEE: <ConnectedThread>: notifyStateChange(Constants.MESSAGE_READ, mState, bundle);
10-03 17:43:17.526 10038 10559 D LEE: <BluetoothChatService>: notifyStateChange: whatChanged=2, theState=3
10-03 17:43:17.526 10038 10559 D LEE: <BluetoothChatService>: --> READ: size=67, buffer=--> ok
10-03 17:43:17.526 10038 10559 D LEE: <BluetoothChatService>: 10/03/2019 17:43:07 got cmd=72
10-03 17:43:17.526 10038 10559 D LEE: <BluetoothChatService>: 10/03/2019 17:43:07 $ STOP
10-03 17:43:17.526 10038 10559 D LEE: <BluetoothStateChangeEvent>: post: whatChanged=2, theState=3
10-03 17:43:17.526 10038 10559 D LEE: <ConnectedThread>: reading..
10-03 17:43:17.538 10038 10559 D LEE: <ConnectedThread>: send the message data
10-03 17:43:17.538 10038 10559 D LEE: <ConnectedThread>: notifyStateChange(Constants.MESSAGE_READ, mState, bundle);
10-03 17:43:17.538 10038 10559 D LEE: <BluetoothChatService>: notifyStateChange: whatChanged=2, theState=3
10-03 17:43:17.538 10038 10559 D LEE: <BluetoothChatService>: --> READ: size=62, buffer=10/03/2019 17:43:08 State: default stopped, Joystick: STOP 0
10-03 17:43:17.538 10038 10559 D LEE: <BluetoothStateChangeEvent>: post: whatChanged=2, theState=3
10-03 17:43:17.538 10038 10559 D LEE: <ConnectedThread>: reading..
10-03 17:43:17.542 10038 10038 D LEE: <com.harlie.batbot.ui.control.ControlFragment>: onBluetoothStateChangeEvent: theState=3, whatChanged=2
10-03 17:43:17.542 10038 10038 D LEE: <com.harlie.batbot.ui.control.ControlFragment>: --> READ 67 BYTES: --> ok
10-03 17:43:17.542 10038 10038 D LEE: <com.harlie.batbot.ui.control.ControlFragment>: 10/03/2019 17:43:07 got cmd=72
10-03 17:43:17.542 10038 10038 D LEE: <com.harlie.batbot.ui.control.ControlFragment>: 10/03/2019 17:43:07 $ STOP
10-03 17:43:17.543 10038 10038 D LEE: <com.harlie.batbot.util.LoggingTextTail>: sendMessage
10-03 17:43:17.543 10038 10038 D LEE: <BluetoothMessageEvent>: post: message= ---> some key words i know:
10-03 17:43:17.543 10038 10038 D LEE: <BluetoothMessageEvent>:  look ahead, look right, look left, forward, back, right, left, spin, stop, faster, slower, follow, find [object], avoid, identify, learn, map, monitor, high/medium/low resolution, photo, sensor values, fortune, IP address, ping, my name, algorithm, kill server, and help.
10-03 17:43:17.543 10038 10038 D LEE: <com.harlie.batbot.ui.control.ControlFragment>: onBluetoothMessageEvent: message= ---> some key words i know:
10-03 17:43:17.543 10038 10038 D LEE: <com.harlie.batbot.ui.control.ControlFragment>:  look ahead, look right, look left, forward, back, right, left, spin, stop, faster, slower, follow, find [object], avoid, identify, learn, map, monitor, high/medium/low resolution, photo, sensor values, fortune, IP address, ping, my name, algorithm, kill server, and help.
10-03 17:43:17.545 10038 10559 D LEE: <ConnectedThread>: send the message data
10-03 17:43:17.545 10038 10559 D LEE: <ConnectedThread>: notifyStateChange(Constants.MESSAGE_READ, mState, bundle);
10-03 17:43:17.545 10038 10559 D LEE: <BluetoothChatService>: notifyStateChange: whatChanged=2, theState=3
10-03 17:43:17.545 10038 10559 D LEE: <BluetoothChatService>: --> READ: size=28, buffer=10/03/2019 17:43:13 State: d
