10-03 17:43:17.545 10038 10559 D LEE: <BluetoothStateChangeEvent>: post: whatChanged=2, theState=3
10-03 17:43:17.545 10038 10559 D LEE: <ConnectedThread>: reading..
10-03 17:43:17.618 10038 10559 D LEE: <ConnectedThread>: send the message data
10-03 17:43:17.618 10038 10559 D LEE: <ConnectedThread>: notifyStateChange(Constants.MESSAGE_READ, mState, bundle);
10-03 17:43:17.618 10038 10559 D LEE: <BluetoothChatService>: notifyStateChange: whatChanged=2, theState=3
10-03 17:43:17.618 10038 10559 D LEE: <BluetoothChatService>: --> READ: size=34, buffer=efault stopped, Joystick: STOP 0
10-03 17:43:17.618 10038 10559 D LEE: <BluetoothStateChangeEvent>: post: whatChanged=2, theState=3
10-03 17:43:17.618 10038 10559 D LEE: <ConnectedThread>: reading..
10-03 17:43:17.669 10038 10038 D LEE: <com.harlie.batbot.ui.control.ControlFragment>: onBluetoothStateChangeEvent: theState=3, whatChanged=2
10-03 17:43:17.669 10038 10038 D LEE: <com.harlie.batbot.ui.control.ControlFragment>: --> READ 62 BYTES: 10/03/2019 17:43:08 State: default stopped, Joystick: STOP 0
10-03 17:43:17.671 10038 10038 D LEE: <com.harlie.batbot.ui.control.ControlFragment>: onBluetoothStateChangeEvent: theState=3, whatChanged=2
10-03 17:43:17.671 10038 10038 D LEE: <com.harlie.batbot.ui.control.ControlFragment>: --> READ 28 BYTES: 10/03/2019 17:43:13 State: d
10-03 17:43:17.672 10038 10038 D LEE: <com.harlie.batbot.ui.control.ControlFragment>: onBluetoothStateChangeEvent: theState=3, whatChanged=2
10-03 17:43:17.672 10038 10038 D LEE: <com.harlie.batbot.ui.control.ControlFragment>: --> READ 34 BYTES: efault stopped, Joystick: STOP 0
10-03 17:43:18.286 10038 10543 D LEE: <com.harlie.batbot.ui.control.ControlFragment>: runFixedRateTimer: FLUSH LOG
10-03 17:43:18.287 10038 10543 D LEE: <com.harlie.batbot.ui.control.ControlFragment>: send:  
10-03 17:43:18.287 10038 10543 D LEE: <com.harlie.batbot.ui.control.Control_ViewModel>: send: ' '
10-03 17:43:18.287 10038 10543 D LEE: <BluetoothChatService>: ===> send: message= 
10-03 17:43:18.287 10038 10543 D LEE: <BluetoothChatService>: getState
10-03 17:43:18.287 10038 10543 D LEE: <BluetoothChatService>: write(message.getBytes())
10-03 17:43:18.288 10038 10543 D LEE: <BluetoothChatService>: write: out=[B@1a3b60c
10-03 17:43:18.288 10038 10543 D LEE: <ConnectedThread>: write: buffer=[B@1a3b60c
10-03 17:43:18.291 10038 10543 D LEE: <BluetoothChatService>: notifyStateChange: whatChanged=3, theState=3
10-03 17:43:18.291 10038 10543 D LEE: <BluetoothChatService>: --> SENT:  
10-03 17:43:18.292 10038 10543 D LEE: <BluetoothStateChangeEvent>: post: whatChanged=3, theState=3
10-03 17:43:18.294 10038 10038 D LEE: <com.harlie.batbot.ui.control.ControlFragment>: onBluetoothStateChangeEvent: theState=3, whatChanged=3
10-03 17:43:18.294 10038 10038 D LEE: <com.harlie.batbot.ui.control.ControlFragment>: --> SENT 1 BYTES:  
10-03 17:43:20.286 10038 10543 D LEE: <com.harlie.batbot.ui.control.ControlFragment>: runFixedRateTimer: FLUSH LOG
10-03 17:43:20.287 10038 10543 D LEE: <com.harlie.batbot.ui.control.ControlFragment>: send:  
10-03 17:43:20.287 10038 10543 D LEE: <com.harlie.batbot.ui.control.Control_ViewModel>: send: ' '
10-03 17:43:20.287 10038 10543 D LEE: <BluetoothChatService>: ===> send: message= 
10-03 17:43:20.287 10038 10543 D LEE: <BluetoothChatService>: getState
10-03 17:43:20.288 10038 10543 D LEE: <BluetoothChatService>: write(message.getBytes())
10-03 17:43:20.288 10038 10543 D LEE: <BluetoothChatService>: write: out=[B@d745b55
10-03 17:43:20.289 10038 10543 D LEE: <ConnectedThread>: write: buffer=[B@d745b55
10-03 17:43:20.291 10038 10543 D LEE: <BluetoothChatService>: notifyStateChange: whatChanged=3, theState=3
10-03 17:43:20.291 10038 10543 D LEE: <BluetoothChatService>: --> SENT:  
10-03 17:43:20.292 10038 10543 D LEE: <BluetoothStateChangeEvent>: post: whatChanged=3, theState=3
10-03 17:43:20.293 10038 10038 D LEE: <com.harlie.batbot.ui.control.ControlFragment>: onBluetoothStateChangeEvent: theState=3, whatChanged=3
10-03 17:43:20.293 10038 10038 D LEE: <com.harlie.batbot.ui.control.ControlFragment>: --> SENT 1 BYTES:  
10-03 17:43:20.315 10038 10559 D LEE: <ConnectedThread>: send the message data
10-03 17:43:20.315 10038 10559 D LEE: <ConnectedThread>: notifyStateChange(Constants.MESSAGE_READ, mState, bundle);
10-03 17:43:20.315 10038 10559 D LEE: <BluetoothChatService>: notifyStateChange: whatChanged=2, theState=3
10-03 17:43:20.316 10038 10559 D LEE: <BluetoothChatService>: --> READ: size=181, buffer=10/03/2019 17:43:17 Distance Ahead=190
10-03 17:43:20.316 10038 10559 D LEE: <BluetoothChatService>: 10/03/2019 17:43:17 Distance Ahead=50
10-03 17:43:20.316 10038 10559 D LEE: <BluetoothChatService>: 10/03/2019 17:43:18 State: default stopped, Joystick: STOP 0
10-03 17:43:20.316 10038 10559 D LEE: <BluetoothChatService>: 10/03/2019 17:43:18 Distance Ahead=201
10-03 17:43:20.316 10038 10559 D LEE: <BluetoothStateChangeEvent>: post: whatChanged=2, theState=3
10-03 17:43:20.317 10038 10559 D LEE: <ConnectedThread>: reading..
10-03 17:43:20.319 10038 10038 D LEE: <com.harlie.batbot.ui.control.ControlFragment>: onBluetoothStateChangeEvent: theState=3, whatChanged=2
10-03 17:43:20.319 10038 10038 D LEE: <com.harlie.batbot.ui.control.ControlFragment>: --> READ 181 BYTES: 10/03/2019 17:43:17 Distance Ahead=190
10-03 17:43:20.319 10038 10038 D LEE: <com.harlie.batbot.ui.control.ControlFragment>: 10/03/2019 17:43:17 Distance Ahead=50
10-03 17:43:20.319 10038 10038 D LEE: <com.harlie.batbot.ui.control.ControlFragment>: 10/03/2019 17:43:18 State: default stopped, Joystick: STOP 0
10-03 17:43:20.319 10038 10038 D LEE: <com.harlie.batbot.ui.control.ControlFragment>: 10/03/2019 17:43:18 Distance Ahead=201
10-03 17:43:22.286 10038 10543 D LEE: <com.harlie.batbot.ui.control.ControlFragment>: runFixedRateTimer: FLUSH LOG
10-03 17:43:22.286 10038 10543 D LEE: <com.harlie.batbot.ui.control.ControlFragment>: send:  
10-03 17:43:22.286 10038 10543 D LEE: <com.harlie.batbot.ui.control.Control_ViewModel>: send: ' '
10-03 17:43:22.286 10038 10543 D LEE: <BluetoothChatService>: ===> send: message= 
10-03 17:43:22.287 10038 10543 D LEE: <BluetoothChatService>: getState
10-03 17:43:22.287 10038 10543 D LEE: <BluetoothChatService>: write(message.getBytes())
10-03 17:43:22.288 10038 10543 D LEE: <BluetoothChatService>: write: out=[B@71cf96a
10-03 17:43:22.288 10038 10543 D LEE: <ConnectedThread>: write: buffer=[B@71cf96a
10-03 17:43:22.291 10038 10543 D LEE: <BluetoothChatService>: notifyStateChange: whatChanged=3, theState=3
10-03 17:43:22.291 10038 10543 D LEE: <BluetoothChatService>: --> SENT:  
10-03 17:43:22.292 10038 10543 D LEE: <BluetoothStateChangeEvent>: post: whatChanged=3, theState=3
10-03 17:43:22.293 10038 10038 D LEE: <com.harlie.batbot.ui.control.ControlFragment>: onBluetoothStateChangeEvent: theState=3, whatChanged=3
10-03 17:43:22.293 10038 10038 D LEE: <com.harlie.batbot.ui.control.ControlFragment>: --> SENT 1 BYTES:  
10-03 17:43:22.330 10038 10559 D LEE: <ConnectedThread>: send the message data
10-03 17:43:22.331 10038 10559 D LEE: <ConnectedThread>: notifyStateChange(Constants.MESSAGE_READ, mState, bundle);
10-03 17:43:22.331 10038 10559 D LEE: <BluetoothChatService>: notifyStateChange: whatChanged=2, theState=3
10-03 17:43:22.332 10038 10559 D LEE: <BluetoothChatService>: --> READ: size=119, buffer=10/03/2019 17:43:19 Distance Ahead=145
10-03 17:43:22.332 10038 10559 D LEE: <BluetoothChatService>: 10/03/2019 17:43:20 Distance Ahead=228
10-03 17:43:22.332 10038 10559 D LEE: <BluetoothChatService>: 10/03/2019 17:43:20 Distance Ahead=30
10-03 17:43:22.332 10038 10559 D LEE: <BluetoothStateChangeEvent>: post: whatChanged=2, theState=3
10-03 17:43:22.333 10038 10559 D LEE: <ConnectedThread>: reading..
10-03 17:43:22.334 10038 10038 D LEE: <com.harlie.batbot.ui.control.ControlFragment>: onBluetoothStateChangeEvent: theState=3, whatChanged=2
10-03 17:43:22.334 10038 10038 D LEE: <com.harlie.batbot.ui.control.ControlFragment>: --> READ 119 BYTES: 10/03/2019 17:43:19 Distance Ahead=145
10-03 17:43:22.334 10038 10038 D LEE: <com.harlie.batbot.ui.control.ControlFragment>: 10/03/2019 17:43:20 Distance Ahead=228
10-03 17:43:22.334 10038 10038 D LEE: <com.harlie.batbot.ui.control.ControlFragment>: 10/03/2019 17:43:20 Distance Ahead=30
10-03 17:43:24.285 10038 10543 D LEE: <com.harlie.batbot.ui.control.ControlFragment>: runFixedRateTimer: FLUSH LOG
10-03 17:43:24.285 10038 10543 D LEE: <com.harlie.batbot.ui.control.ControlFragment>: send:  
10-03 17:43:24.285 10038 10543 D LEE: <com.harlie.batbot.ui.control.Control_ViewModel>: send: ' '
10-03 17:43:24.285 10038 10543 D LEE: <BluetoothChatService>: ===> send: message= 
10-03 17:43:24.285 10038 10543 D LEE: <BluetoothChatService>: getState
10-03 17:43:24.285 10038 10543 D LEE: <BluetoothChatService>: write(message.getBytes())
10-03 17:43:24.285 10038 10543 D LEE: <BluetoothChatService>: write: out=[B@d50ae5b
10-03 17:43:24.285 10038 10543 D LEE: <ConnectedThread>: write: buffer=[B@d50ae5b
10-03 17:43:24.286 10038 10543 D LEE: <BluetoothChatService>: notifyStateChange: whatChanged=3, theState=3
10-03 17:43:24.286 10038 10543 D LEE: <BluetoothChatService>: --> SENT:  
10-03 17:43:24.286 10038 10543 D LEE: <BluetoothStateChangeEvent>: post: whatChanged=3, theState=3
10-03 17:43:24.286 10038 10038 D LEE: <com.harlie.batbot.ui.control.ControlFragment>: onBluetoothStateChangeEvent: theState=3, whatChanged=3
10-03 17:43:24.286 10038 10038 D LEE: <com.harlie.batbot.ui.control.ControlFragment>: --> SENT 1 BYTES:  
10-03 17:43:24.374 10038 10559 D LEE: <ConnectedThread>: send the message data
10-03 17:43:24.375 10038 10559 D LEE: <ConnectedThread>: notifyStateChange(Constants.MESSAGE_READ, mState, bundle);
10-03 17:43:24.375 10038 10559 D LEE: <BluetoothChatService>: notifyStateChange: whatChanged=2, theState=3
10-03 17:43:24.375 10038 10559 D LEE: <BluetoothChatService>: --> READ: size=59, buffer=10/03/2019 17:43:21 Distance Ahead=202
10-03 17:43:24.375 10038 10559 D LEE: <BluetoothChatService>: 10/03/2019 17:43:23
10-03 17:43:24.375 10038 10559 D LEE: <BluetoothStateChangeEvent>: post: whatChanged=2, theState=3
10-03 17:43:24.375 10038 10559 D LEE: <ConnectedThread>: reading..
10-03 17:43:24.375 10038 10038 D LEE: <com.harlie.batbot.ui.control.ControlFragment>: onBluetoothStateChangeEvent: theState=3, whatChanged=2
10-03 17:43:24.375 10038 10038 D LEE: <com.harlie.batbot.ui.control.ControlFragment>: --> READ 59 BYTES: 10/03/2019 17:43:21 Distance Ahead=202
10-03 17:43:24.375 10038 10038 D LEE: <com.harlie.batbot.ui.control.ControlFragment>: 10/03/2019 17:43:23
10-03 17:43:26.285 10038 10543 D LEE: <com.harlie.batbot.ui.control.ControlFragment>: runFixedRateTimer: FLUSH LOG
10-03 17:43:26.286 10038 10543 D LEE: <com.harlie.batbot.ui.control.ControlFragment>: send:  
10-03 17:43:26.286 10038 10543 D LEE: <com.harlie.batbot.ui.control.Control_ViewModel>: send: ' '
10-03 17:43:26.286 10038 10543 D LEE: <BluetoothChatService>: ===> send: message= 
10-03 17:43:26.286 10038 10543 D LEE: <BluetoothChatService>: getState
10-03 17:43:26.286 10038 10543 D LEE: <BluetoothChatService>: write(message.getBytes())
10-03 17:43:26.287 10038 10543 D LEE: <BluetoothChatService>: write: out=[B@5dc26f8
10-03 17:43:26.287 10038 10543 D LEE: <ConnectedThread>: write: buffer=[B@5dc26f8
10-03 17:43:26.290 10038 10543 D LEE: <BluetoothChatService>: notifyStateChange: whatChanged=3, theState=3
10-03 17:43:26.290 10038 10543 D LEE: <BluetoothChatService>: --> SENT:  
10-03 17:43:26.291 10038 10543 D LEE: <BluetoothStateChangeEvent>: post: whatChanged=3, theState=3
10-03 17:43:26.292 10038 10038 D LEE: <com.harlie.batbot.ui.control.ControlFragment>: onBluetoothStateChangeEvent: theState=3, whatChanged=3
10-03 17:43:26.293 10038 10038 D LEE: <com.harlie.batbot.ui.control.ControlFragment>: --> SENT 1 BYTES:  
10-03 17:43:26.329 10038 10559 D LEE: <ConnectedThread>: send the message data
10-03 17:43:26.332 10038 10559 D LEE: <ConnectedThread>: notifyStateChange(Constants.MESSAGE_READ, mState, bundle);
10-03 17:43:26.332 10038 10559 D LEE: <BluetoothChatService>: notifyStateChange: whatChanged=2, theState=3
10-03 17:43:26.332 10038 10559 D LEE: <BluetoothChatService>: --> READ: size=43, buffer= State: default stopped, Joystick: STOP 0
10-03 17:43:26.333 10038 10559 D LEE: <BluetoothStateChangeEvent>: post: whatChanged=2, theState=3
10-03 17:43:26.334 10038 10559 D LEE: <ConnectedThread>: reading..
10-03 17:43:26.336 10038 10038 D LEE: <com.harlie.batbot.ui.control.ControlFragment>: onBluetoothStateChangeEvent: theState=3, whatChanged=2
10-03 17:43:26.336 10038 10038 D LEE: <com.harlie.batbot.ui.control.ControlFragment>: --> READ 43 BYTES:  State: default stopped, Joystick: STOP 0
10-03 17:43:28.286 10038 10543 D LEE: <com.harlie.batbot.ui.control.ControlFragment>: runFixedRateTimer: FLUSH LOG
10-03 17:43:28.286 10038 10543 D LEE: <com.harlie.batbot.ui.control.ControlFragment>: send:  
10-03 17:43:28.286 10038 10543 D LEE: <com.harlie.batbot.ui.control.Control_ViewModel>: send: ' '
10-03 17:43:28.287 10038 10543 D LEE: <BluetoothChatService>: ===> send: message= 
10-03 17:43:28.287 10038 10543 D LEE: <BluetoothChatService>: getState
10-03 17:43:28.287 10038 10543 D LEE: <BluetoothChatService>: write(message.getBytes())
10-03 17:43:28.288 10038 10543 D LEE: <BluetoothChatService>: write: out=[B@e6c57d1
10-03 17:43:28.288 10038 10543 D LEE: <ConnectedThread>: write: buffer=[B@e6c57d1
10-03 17:43:28.290 10038 10543 D LEE: <BluetoothChatService>: notifyStateChange: whatChanged=3, theState=3
10-03 17:43:28.290 10038 10543 D LEE: <BluetoothChatService>: --> SENT:  
10-03 17:43:28.290 10038 10543 D LEE: <BluetoothStateChangeEvent>: post: whatChanged=3, theState=3
10-03 17:43:28.292 10038 10038 D LEE: <com.harlie.batbot.ui.control.ControlFragment>: onBluetoothStateChangeEvent: theState=3, whatChanged=3
10-03 17:43:28.292 10038 10038 D LEE: <com.harlie.batbot.ui.control.ControlFragment>: --> SENT 1 BYTES:  
10-03 17:43:28.680 10038 10038 D LEE: <com.harlie.batbot.ui.control.ControlFragment>: --> click 'OK'
10-03 17:43:30.286 10038 10543 D LEE: <com.harlie.batbot.ui.control.ControlFragment>: runFixedRateTimer: FLUSH LOG
10-03 17:43:30.286 10038 10543 D LEE: <com.harlie.batbot.ui.control.ControlFragment>: send:  
10-03 17:43:30.286 10038 10543 D LEE: <com.harlie.batbot.ui.control.Control_ViewModel>: send: ' '
10-03 17:43:30.286 10038 10543 D LEE: <BluetoothChatService>: ===> send: message= 
10-03 17:43:30.287 10038 10543 D LEE: <BluetoothChatService>: getState
10-03 17:43:30.287 10038 10543 D LEE: <BluetoothChatService>: write(message.getBytes())
10-03 17:43:30.287 10038 10543 D LEE: <BluetoothChatService>: write: out=[B@80da00d
10-03 17:43:30.288 10038 10543 D LEE: <ConnectedThread>: write: buffer=[B@80da00d
10-03 17:43:30.290 10038 10543 D LEE: <BluetoothChatService>: notifyStateChange: whatChanged=3, theState=3
10-03 17:43:30.291 10038 10543 D LEE: <BluetoothChatService>: --> SENT:  
10-03 17:43:30.291 10038 10543 D LEE: <BluetoothStateChangeEvent>: post: whatChanged=3, theState=3
10-03 17:43:30.293 10038 10038 D LEE: <com.harlie.batbot.ui.control.ControlFragment>: onBluetoothStateChangeEvent: theState=3, whatChanged=3
10-03 17:43:30.294 10038 10038 D LEE: <com.harlie.batbot.ui.control.ControlFragment>: --> SENT 1 BYTES:  
10-03 17:43:30.466 10038 10038 D LEE: <com.harlie.batbot.ControlActivity>: onClickTranslateSpeech
10-03 17:43:30.654 10038 10559 D LEE: <ConnectedThread>: send the message data
10-03 17:43:30.654 10038 10559 D LEE: <ConnectedThread>: notifyStateChange(Constants.MESSAGE_READ, mState, bundle);
10-03 17:43:30.654 10038 10559 D LEE: <BluetoothChatService>: notifyStateChange: whatChanged=2, theState=3
10-03 17:43:30.655 10038 10559 D LEE: <BluetoothChatService>: --> READ: size=62, buffer=10/03/2019 17:43:28 State: default stopped, Joystick: STOP 0
10-03 17:43:30.655 10038 10559 D LEE: <BluetoothStateChangeEvent>: post: whatChanged=2, theState=3
10-03 17:43:30.657 10038 10559 D LEE: <ConnectedThread>: reading..
10-03 17:43:30.657 10038 10038 D LEE: <com.harlie.batbot.ui.control.ControlFragment>: onBluetoothStateChangeEvent: theState=3, whatChanged=2
10-03 17:43:30.657 10038 10038 D LEE: <com.harlie.batbot.ui.control.ControlFragment>: --> READ 62 BYTES: 10/03/2019 17:43:28 State: default stopped, Joystick: STOP 0
10-03 17:43:32.286 10038 10543 D LEE: <com.harlie.batbot.ui.control.ControlFragment>: runFixedRateTimer: FLUSH LOG
10-03 17:43:32.286 10038 10543 D LEE: <com.harlie.batbot.ui.control.ControlFragment>: send:  
10-03 17:43:32.286 10038 10543 D LEE: <com.harlie.batbot.ui.control.Control_ViewModel>: send: ' '
10-03 17:43:32.286 10038 10543 D LEE: <BluetoothChatService>: ===> send: message= 
10-03 17:43:32.286 10038 10543 D LEE: <BluetoothChatService>: getState
10-03 17:43:32.286 10038 10543 D LEE: <BluetoothChatService>: write(message.getBytes())
10-03 17:43:32.287 10038 10543 D LEE: <BluetoothChatService>: write: out=[B@af0342f
10-03 17:43:32.287 10038 10543 D LEE: <ConnectedThread>: write: buffer=[B@af0342f
10-03 17:43:32.287 10038 10543 D LEE: <BluetoothChatService>: notifyStateChange: whatChanged=3, theState=3
10-03 17:43:32.287 10038 10543 D LEE: <BluetoothChatService>: --> SENT:  
10-03 17:43:32.287 10038 10543 D LEE: <BluetoothStateChangeEvent>: post: whatChanged=3, theState=3
10-03 17:43:32.288 10038 10038 D LEE: <com.harlie.batbot.ui.control.ControlFragment>: onBluetoothStateChangeEvent: theState=3, whatChanged=3
10-03 17:43:32.289 10038 10038 D LEE: <com.harlie.batbot.ui.control.ControlFragment>: --> SENT 1 BYTES:  
10-03 17:43:34.285 10038 10543 D LEE: <com.harlie.batbot.ui.control.ControlFragment>: runFixedRateTimer: FLUSH LOG
10-03 17:43:34.285 10038 10543 D LEE: <com.harlie.batbot.ui.control.ControlFragment>: send:  
10-03 17:43:34.285 10038 10543 D LEE: <com.harlie.batbot.ui.control.Control_ViewModel>: send: ' '
10-03 17:43:34.285 10038 10543 D LEE: <BluetoothChatService>: ===> send: message= 
10-03 17:43:34.285 10038 10543 D LEE: <BluetoothChatService>: getState
10-03 17:43:34.286 10038 10543 D LEE: <BluetoothChatService>: write(message.getBytes())
10-03 17:43:34.286 10038 10543 D LEE: <BluetoothChatService>: write: out=[B@386ba3c
10-03 17:43:34.286 10038 10543 D LEE: <ConnectedThread>: write: buffer=[B@386ba3c
10-03 17:43:34.287 10038 10543 D LEE: <BluetoothChatService>: notifyStateChange: whatChanged=3, theState=3
10-03 17:43:34.287 10038 10543 D LEE: <BluetoothChatService>: --> SENT:  
10-03 17:43:34.287 10038 10543 D LEE: <BluetoothStateChangeEvent>: post: whatChanged=3, theState=3
10-03 17:43:34.290 10038 10038 D LEE: <com.harlie.batbot.ui.control.ControlFragment>: onBluetoothStateChangeEvent: theState=3, whatChanged=3
10-03 17:43:34.290 10038 10038 D LEE: <com.harlie.batbot.ui.control.ControlFragment>: --> SENT 1 BYTES:  
10-03 17:43:34.506 10038 10038 D LEE: <com.harlie.batbot.ControlActivity>: onActivityResult
10-03 17:43:34.507 10038 10038 D LEE: <com.harlie.batbot.ControlActivity>: ===> got speech translation result=capture an image
10-03 17:43:34.507 10038 10038 D LEE: <com.harlie.batbot.ui.control.Control_ViewModel>: processAndDecodeMessage: capture an image, priority=3
10-03 17:43:34.508 10038 10038 D LEE: <com.harlie.batbot.ControlActivity>: onResume
10-03 17:43:34.541 10038 10038 D LEE: <com.harlie.batbot.ui.control.ControlFragment>: onStart
10-03 17:43:34.541 10038 10038 D LEE: <com.harlie.batbot.ui.control.ControlFragment>: runFixedRateTimer
10-03 17:43:34.562 10038 10038 D LEE: <com.harlie.batbot.ui.control.ControlFragment>: observe getInputCommand() ===> it.m_robotCommand=capture an image
10-03 17:43:34.562 10038 10038 D LEE: <com.harlie.batbot.ui.control.ControlFragment>: send: capture an image
10-03 17:43:34.562 10038 10038 D LEE: <com.harlie.batbot.ui.control.Control_ViewModel>: send: 'capture an image'
10-03 17:43:34.562 10038 10038 D LEE: <BluetoothChatService>: ===> send: message=capture an image
10-03 17:43:34.562 10038 10038 D LEE: <BluetoothChatService>: getState
10-03 17:43:34.562 10038 10038 D LEE: <BluetoothChatService>: write(message.getBytes())
10-03 17:43:34.562 10038 10038 D LEE: <BluetoothChatService>: write: out=[B@904a4e6
10-03 17:43:34.562 10038 10038 D LEE: <ConnectedThread>: write: buffer=[B@904a4e6
10-03 17:43:34.562 10038 10038 D LEE: <BluetoothChatService>: notifyStateChange: whatChanged=3, theState=3
10-03 17:43:34.562 10038 10038 D LEE: <BluetoothChatService>: --> SENT: capture an image
10-03 17:43:34.562 10038 10038 D LEE: <BluetoothStateChangeEvent>: post: whatChanged=3, theState=3
10-03 17:43:34.562 10038 10038 D LEE: <com.harlie.batbot.ui.control.ControlFragment>: onBluetoothStateChangeEvent: theState=3, whatChanged=3
10-03 17:43:34.562 10038 10038 D LEE: <com.harlie.batbot.ui.control.ControlFragment>: --> SENT 16 BYTES: capture an image
10-03 17:43:36.244 10038 10695 D LEE: <com.harlie.batbot.ui.control.ControlFragment>: runFixedRateTimer: FLUSH LOG
10-03 17:43:36.245 10038 10695 D LEE: <com.harlie.batbot.ui.control.ControlFragment>: send:  
10-03 17:43:36.245 10038 10695 D LEE: <com.harlie.batbot.ui.control.Control_ViewModel>: send: ' '
10-03 17:43:36.245 10038 10695 D LEE: <BluetoothChatService>: ===> send: message= 
10-03 17:43:36.245 10038 10695 D LEE: <BluetoothChatService>: getState
10-03 17:43:36.245 10038 10695 D LEE: <BluetoothChatService>: write(message.getBytes())
10-03 17:43:36.246 10038 10695 D LEE: <BluetoothChatService>: write: out=[B@8cc91c3
10-03 17:43:36.246 10038 10695 D LEE: <ConnectedThread>: write: buffer=[B@8cc91c3
10-03 17:43:36.248 10038 10695 D LEE: <BluetoothChatService>: notifyStateChange: whatChanged=3, theState=3
10-03 17:43:36.249 10038 10695 D LEE: <BluetoothChatService>: --> SENT:  
10-03 17:43:36.249 10038 10695 D LEE: <BluetoothStateChangeEvent>: post: whatChanged=3, theState=3
10-03 17:43:36.250 10038 10038 D LEE: <com.harlie.batbot.ui.control.ControlFragment>: onBluetoothStateChangeEvent: theState=3, whatChanged=3
10-03 17:43:36.250 10038 10038 D LEE: <com.harlie.batbot.ui.control.ControlFragment>: --> SENT 1 BYTES:  
10-03 17:43:38.242 10038 10559 D LEE: <ConnectedThread>: send the message data
10-03 17:43:38.243 10038 10559 D LEE: <ConnectedThread>: notifyStateChange(Constants.MESSAGE_READ, mState, bundle);
10-03 17:43:38.243 10038 10559 D LEE: <BluetoothChatService>: notifyStateChange: whatChanged=2, theState=3
10-03 17:43:38.243 10038 10559 D LEE: <BluetoothChatService>: --> READ: size=62, buffer=10/03/2019 17:43:33 State: default stopped, Joystick: STOP 0
10-03 17:43:38.243 10038 10559 D LEE: <BluetoothStateChangeEvent>: post: whatChanged=2, theState=3
10-03 17:43:38.243 10038 10695 D LEE: <com.harlie.batbot.ui.control.ControlFragment>: runFixedRateTimer: FLUSH LOG
10-03 17:43:38.243 10038 10695 D LEE: <com.harlie.batbot.ui.control.ControlFragment>: send:  
10-03 17:43:38.244 10038 10695 D LEE: <com.harlie.batbot.ui.control.Control_ViewModel>: send: ' '
10-03 17:43:38.244 10038 10695 D LEE: <BluetoothChatService>: ===> send: message= 
10-03 17:43:38.244 10038 10695 D LEE: <BluetoothChatService>: getState
10-03 17:43:38.244 10038 10695 D LEE: <BluetoothChatService>: write(message.getBytes())
10-03 17:43:38.244 10038 10559 D LEE: <ConnectedThread>: reading..
10-03 17:43:38.244 10038 10695 D LEE: <BluetoothChatService>: write: out=[B@355aa40
10-03 17:43:38.244 10038 10695 D LEE: <ConnectedThread>: write: buffer=[B@355aa40
10-03 17:43:38.244 10038 10038 D LEE: <com.harlie.batbot.ui.control.ControlFragment>: onBluetoothStateChangeEvent: theState=3, whatChanged=2
10-03 17:43:38.244 10038 10038 D LEE: <com.harlie.batbot.ui.control.ControlFragment>: --> READ 62 BYTES: 10/03/2019 17:43:33 State: default stopped, Joystick: STOP 0
10-03 17:43:38.244 10038 10695 D LEE: <BluetoothChatService>: notifyStateChange: whatChanged=3, theState=3
10-03 17:43:38.244 10038 10695 D LEE: <BluetoothChatService>: --> SENT:  
10-03 17:43:38.245 10038 10695 D LEE: <BluetoothStateChangeEvent>: post: whatChanged=3, theState=3
10-03 17:43:38.248 10038 10559 D LEE: <ConnectedThread>: send the message data
10-03 17:43:38.248 10038 10038 D LEE: <com.harlie.batbot.ui.control.ControlFragment>: onBluetoothStateChangeEvent: theState=3, whatChanged=3
10-03 17:43:38.249 10038 10038 D LEE: <com.harlie.batbot.ui.control.ControlFragment>: --> SENT 1 BYTES:  
10-03 17:43:38.249 10038 10559 D LEE: <ConnectedThread>: notifyStateChange(Constants.MESSAGE_READ, mState, bundle);
10-03 17:43:38.249 10038 10559 D LEE: <BluetoothChatService>: notifyStateChange: whatChanged=2, theState=3
10-03 17:43:38.249 10038 10559 D LEE: <BluetoothChatService>: --> READ: size=63, buffer=--> capture an image
10-03 17:43:38.249 10038 10559 D LEE: <BluetoothChatService>: 
10-03 17:43:38.249 10038 10559 D LEE: <BluetoothChatService>: ! File: /tmp/capture2.jpg
10-03 17:43:38.249 10038 10559 D LEE: <BluetoothChatService>: ! Size: 177491
10-03 17:43:38.249 10038 10559 D LEE: <BluetoothStateChangeEvent>: post: whatChanged=2, theState=3
10-03 17:43:38.249 10038 10559 D LEE: <ConnectedThread>: reading..
10-03 17:43:38.254 10038 10038 D LEE: <com.harlie.batbot.ui.control.ControlFragment>: onBluetoothStateChangeEvent: theState=3, whatChanged=2
10-03 17:43:38.254 10038 10038 D LEE: <com.harlie.batbot.ui.control.ControlFragment>: --> READ 63 BYTES: --> capture an image
10-03 17:43:38.254 10038 10038 D LEE: <com.harlie.batbot.ui.control.ControlFragment>: 
10-03 17:43:38.254 10038 10038 D LEE: <com.harlie.batbot.ui.control.ControlFragment>: ! File: /tmp/capture2.jpg
10-03 17:43:38.254 10038 10038 D LEE: <com.harlie.batbot.ui.control.ControlFragment>: ! Size: 177491
10-03 17:43:40.244 10038 10695 D LEE: <com.harlie.batbot.ui.control.ControlFragment>: runFixedRateTimer: FLUSH LOG
10-03 17:43:40.244 10038 10695 D LEE: <com.harlie.batbot.ui.control.ControlFragment>: send:  
10-03 17:43:40.244 10038 10695 D LEE: <com.harlie.batbot.ui.control.Control_ViewModel>: send: ' '
10-03 17:43:40.245 10038 10695 D LEE: <BluetoothChatService>: ===> send: message= 
10-03 17:43:40.245 10038 10695 D LEE: <BluetoothChatService>: getState
10-03 17:43:40.245 10038 10695 D LEE: <BluetoothChatService>: write(message.getBytes())
10-03 17:43:40.245 10038 10695 D LEE: <BluetoothChatService>: write: out=[B@2d92d79
10-03 17:43:40.246 10038 10695 D LEE: <ConnectedThread>: write: buffer=[B@2d92d79
10-03 17:43:40.248 10038 10695 D LEE: <BluetoothChatService>: notifyStateChange: whatChanged=3, theState=3
10-03 17:43:40.248 10038 10695 D LEE: <BluetoothChatService>: --> SENT:  
10-03 17:43:40.249 10038 10695 D LEE: <BluetoothStateChangeEvent>: post: whatChanged=3, theState=3
10-03 17:43:40.250 10038 10038 D LEE: <com.harlie.batbot.ui.control.ControlFragment>: onBluetoothStateChangeEvent: theState=3, whatChanged=3
10-03 17:43:40.251 10038 10038 D LEE: <com.harlie.batbot.ui.control.ControlFragment>: --> SENT 1 BYTES:  
10-03 17:43:40.461 10038 10559 D LEE: <ConnectedThread>: send the message data
10-03 17:43:40.462 10038 10559 D LEE: <ConnectedThread>: notifyStateChange(Constants.MESSAGE_READ, mState, bundle);
10-03 17:43:40.462 10038 10559 D LEE: <BluetoothChatService>: notifyStateChange: whatChanged=2, theState=3
10-03 17:43:40.462 10038 10559 D LEE: <BluetoothChatService>: --> READ: size=141, buffer=10/03/2019 17:43:37 Distance Ahead=228
10-03 17:43:40.462 10038 10559 D LEE: <BluetoothChatService>: 10/03/2019 17:43:38 State: default stopped, Joystick: STOP 0
10-03 17:43:40.462 10038 10559 D LEE: <BluetoothChatService>: 10/03/2019 17:43:38 Distance Ahead=36
10-03 17:43:40.463 10038 10559 D LEE: <BluetoothStateChangeEvent>: post: whatChanged=2, theState=3
10-03 17:43:40.463 10038 10559 D LEE: <ConnectedThread>: reading..
10-03 17:43:40.471 10038 10038 D LEE: <com.harlie.batbot.ui.control.ControlFragment>: onBluetoothStateChangeEvent: theState=3, whatChanged=2
10-03 17:43:40.471 10038 10038 D LEE: <com.harlie.batbot.ui.control.ControlFragment>: --> READ 141 BYTES: 10/03/2019 17:43:37 Distance Ahead=228
10-03 17:43:40.471 10038 10038 D LEE: <com.harlie.batbot.ui.control.ControlFragment>: 10/03/2019 17:43:38 State: default stopped, Joystick: STOP 0
10-03 17:43:40.471 10038 10038 D LEE: <com.harlie.batbot.ui.control.ControlFragment>: 10/03/2019 17:43:38 Distance Ahead=36
10-03 17:43:40.474 10038 10038 D LEE: <com.harlie.batbot.util.LoggingTextTail>: sendMessage
10-03 17:43:40.474 10038 10038 D LEE: <BluetoothMessageEvent>: post: message= File: /tmp/capture2.jpg
10-03 17:43:40.474 10038 10038 D LEE: <BluetoothMessageEvent>:  Size: 177491
10-03 17:43:40.475 10038 10038 D LEE: <com.harlie.batbot.ui.control.ControlFragment>: onBluetoothMessageEvent: message= File: /tmp/capture2.jpg
10-03 17:43:40.475 10038 10038 D LEE: <com.harlie.batbot.ui.control.ControlFragment>:  Size: 177491
10-03 17:43:40.476 10038 10038 D LEE: <com.harlie.batbot.ui.control.ControlFragment>: ask to view the image
10-03 17:43:42.243 10038 10695 D LEE: <com.harlie.batbot.ui.control.ControlFragment>: runFixedRateTimer: FLUSH LOG
10-03 17:43:42.244 10038 10695 D LEE: <com.harlie.batbot.ui.control.ControlFragment>: send:  
10-03 17:43:42.244 10038 10695 D LEE: <com.harlie.batbot.ui.control.Control_ViewModel>: send: ' '
10-03 17:43:42.244 10038 10695 D LEE: <BluetoothChatService>: ===> send: message= 
10-03 17:43:42.244 10038 10695 D LEE: <BluetoothChatService>: getState
10-03 17:43:42.244 10038 10695 D LEE: <BluetoothChatService>: write(message.getBytes())
10-03 17:43:42.244 10038 10695 D LEE: <BluetoothChatService>: write: out=[B@c6a19d0
10-03 17:43:42.245 10038 10695 D LEE: <ConnectedThread>: write: buffer=[B@c6a19d0
10-03 17:43:42.247 10038 10695 D LEE: <BluetoothChatService>: notifyStateChange: whatChanged=3, theState=3
10-03 17:43:42.247 10038 10695 D LEE: <BluetoothChatService>: --> SENT:  
10-03 17:43:42.248 10038 10695 D LEE: <BluetoothStateChangeEvent>: post: whatChanged=3, theState=3
10-03 17:43:42.269 10038 10038 D LEE: <com.harlie.batbot.ui.control.ControlFragment>: onBluetoothStateChangeEvent: theState=3, whatChanged=3
10-03 17:43:42.270 10038 10038 D LEE: <com.harlie.batbot.ui.control.ControlFragment>: --> SENT 1 BYTES:  
10-03 17:43:42.285 10038 10559 D LEE: <ConnectedThread>: send the message data
10-03 17:43:42.286 10038 10559 D LEE: <ConnectedThread>: notifyStateChange(Constants.MESSAGE_READ, mState, bundle);
10-03 17:43:42.286 10038 10559 D LEE: <BluetoothChatService>: notifyStateChange: whatChanged=2, theState=3
10-03 17:43:42.286 10038 10559 D LEE: <BluetoothChatService>: --> READ: size=78, buffer=10/03/2019 17:43:39 Distance Ahead=42
10-03 17:43:42.286 10038 10559 D LEE: <BluetoothChatService>: 10/03/2019 17:43:40 Distance Ahead=66
10-03 17:43:42.286 10038 10559 D LEE: <BluetoothStateChangeEvent>: post: whatChanged=2, theState=3
10-03 17:43:42.286 10038 10559 D LEE: <ConnectedThread>: reading..
10-03 17:43:42.316 10038 10038 D LEE: <com.harlie.batbot.ui.control.ControlFragment>: onBluetoothStateChangeEvent: theState=3, whatChanged=2
10-03 17:43:42.316 10038 10038 D LEE: <com.harlie.batbot.ui.control.ControlFragment>: --> READ 78 BYTES: 10/03/2019 17:43:39 Distance Ahead=42
10-03 17:43:42.316 10038 10038 D LEE: <com.harlie.batbot.ui.control.ControlFragment>: 10/03/2019 17:43:40 Distance Ahead=66
10-03 17:43:44.244 10038 10695 D LEE: <com.harlie.batbot.ui.control.ControlFragment>: runFixedRateTimer: FLUSH LOG
10-03 17:43:44.244 10038 10695 D LEE: <com.harlie.batbot.ui.control.ControlFragment>: send:  
10-03 17:43:44.244 10038 10695 D LEE: <com.harlie.batbot.ui.control.Control_ViewModel>: send: ' '
10-03 17:43:44.245 10038 10695 D LEE: <BluetoothChatService>: ===> send: message= 
10-03 17:43:44.245 10038 10695 D LEE: <BluetoothChatService>: getState
10-03 17:43:44.245 10038 10695 D LEE: <BluetoothChatService>: write(message.getBytes())
10-03 17:43:44.245 10038 10695 D LEE: <BluetoothChatService>: write: out=[B@3ea8dc9
10-03 17:43:44.246 10038 10695 D LEE: <ConnectedThread>: write: buffer=[B@3ea8dc9
10-03 17:43:44.249 10038 10695 D LEE: <BluetoothChatService>: notifyStateChange: whatChanged=3, theState=3
10-03 17:43:44.250 10038 10695 D LEE: <BluetoothChatService>: --> SENT:  
10-03 17:43:44.250 10038 10695 D LEE: <BluetoothStateChangeEvent>: post: whatChanged=3, theState=3
10-03 17:43:44.251 10038 10038 D LEE: <com.harlie.batbot.ui.control.ControlFragment>: onBluetoothStateChangeEvent: theState=3, whatChanged=3
10-03 17:43:44.252 10038 10038 D LEE: <com.harlie.batbot.ui.control.ControlFragment>: --> SENT 1 BYTES:  
10-03 17:43:44.303 10038 10559 D LEE: <ConnectedThread>: send the message data
10-03 17:43:44.304 10038 10559 D LEE: <ConnectedThread>: notifyStateChange(Constants.MESSAGE_READ, mState, bundle);
10-03 17:43:44.304 10038 10559 D LEE: <BluetoothChatService>: notifyStateChange: whatChanged=2, theState=3
10-03 17:43:44.304 10038 10559 D LEE: <BluetoothChatService>: --> READ: size=39, buffer=10/03/2019 17:43:41 Distance Ahead=57
10-03 17:43:44.305 10038 10559 D LEE: <BluetoothStateChangeEvent>: post: whatChanged=2, theState=3
10-03 17:43:44.306 10038 10559 D LEE: <ConnectedThread>: reading..
10-03 17:43:44.306 10038 10038 D LEE: <com.harlie.batbot.ui.control.ControlFragment>: onBluetoothStateChangeEvent: theState=3, whatChanged=2
10-03 17:43:44.307 10038 10038 D LEE: <com.harlie.batbot.ui.control.ControlFragment>: --> READ 39 BYTES: 10/03/2019 17:43:41 Distance Ahead=57
10-03 17:43:46.244 10038 10695 D LEE: <com.harlie.batbot.ui.control.ControlFragment>: runFixedRateTimer: FLUSH LOG
10-03 17:43:46.244 10038 10695 D LEE: <com.harlie.batbot.ui.control.ControlFragment>: send:  
10-03 17:43:46.244 10038 10695 D LEE: <com.harlie.batbot.ui.control.Control_ViewModel>: send: ' '
10-03 17:43:46.244 10038 10695 D LEE: <BluetoothChatService>: ===> send: message= 
10-03 17:43:46.245 10038 10695 D LEE: <BluetoothChatService>: getState
10-03 17:43:46.245 10038 10695 D LEE: <BluetoothChatService>: write(message.getBytes())
10-03 17:43:46.245 10038 10695 D LEE: <BluetoothChatService>: write: out=[B@487ccce
10-03 17:43:46.245 10038 10695 D LEE: <ConnectedThread>: write: buffer=[B@487ccce
10-03 17:43:46.248 10038 10695 D LEE: <BluetoothChatService>: notifyStateChange: whatChanged=3, theState=3
10-03 17:43:46.249 10038 10695 D LEE: <BluetoothChatService>: --> SENT:  
10-03 17:43:46.249 10038 10695 D LEE: <BluetoothStateChangeEvent>: post: whatChanged=3, theState=3
10-03 17:43:46.250 10038 10038 D LEE: <com.harlie.batbot.ui.control.ControlFragment>: onBluetoothStateChangeEvent: theState=3, whatChanged=3
10-03 17:43:46.250 10038 10038 D LEE: <com.harlie.batbot.ui.control.ControlFragment>: --> SENT 1 BYTES:  
10-03 17:43:46.289 10038 10559 D LEE: <ConnectedThread>: send the message data
10-03 17:43:46.290 10038 10559 D LEE: <ConnectedThread>: notifyStateChange(Constants.MESSAGE_READ, mState, bundle);
10-03 17:43:46.290 10038 10559 D LEE: <BluetoothChatService>: notifyStateChange: whatChanged=2, theState=3
10-03 17:43:46.290 10038 10559 D LEE: <BluetoothChatService>: --> READ: size=140, buffer=10/03/2019 17:43:43 State: default stopped, Joystick: STOP 0
10-03 17:43:46.290 10038 10559 D LEE: <BluetoothChatService>: 10/03/2019 17:43:43 Distance Ahead=94
10-03 17:43:46.290 10038 10559 D LEE: <BluetoothChatService>: 10/03/2019 17:43:43 Distance Ahead=57
10-03 17:43:46.291 10038 10559 D LEE: <BluetoothStateChangeEvent>: post: whatChanged=2, theState=3
10-03 17:43:46.291 10038 10559 D LEE: <ConnectedThread>: reading..
10-03 17:43:46.292 10038 10038 D LEE: <com.harlie.batbot.ui.control.ControlFragment>: onBluetoothStateChangeEvent: theState=3, whatChanged=2
10-03 17:43:46.292 10038 10038 D LEE: <com.harlie.batbot.ui.control.ControlFragment>: --> READ 140 BYTES: 10/03/2019 17:43:43 State: default stopped, Joystick: STOP 0
10-03 17:43:46.292 10038 10038 D LEE: <com.harlie.batbot.ui.control.ControlFragment>: 10/03/2019 17:43:43 Distance Ahead=94
10-03 17:43:46.292 10038 10038 D LEE: <com.harlie.batbot.ui.control.ControlFragment>: 10/03/2019 17:43:43 Distance Ahead=57
10-03 17:43:48.244 10038 10695 D LEE: <com.harlie.batbot.ui.control.ControlFragment>: runFixedRateTimer: FLUSH LOG
10-03 17:43:48.244 10038 10695 D LEE: <com.harlie.batbot.ui.control.ControlFragment>: send:  
10-03 17:43:48.244 10038 10695 D LEE: <com.harlie.batbot.ui.control.Control_ViewModel>: send: ' '
10-03 17:43:48.245 10038 10695 D LEE: <BluetoothChatService>: ===> send: message= 
10-03 17:43:48.245 10038 10695 D LEE: <BluetoothChatService>: getState
10-03 17:43:48.245 10038 10695 D LEE: <BluetoothChatService>: write(message.getBytes())
10-03 17:43:48.245 10038 10695 D LEE: <BluetoothChatService>: write: out=[B@38d27ef
10-03 17:43:48.246 10038 10695 D LEE: <ConnectedThread>: write: buffer=[B@38d27ef
10-03 17:43:48.248 10038 10695 D LEE: <BluetoothChatService>: notifyStateChange: whatChanged=3, theState=3
10-03 17:43:48.248 10038 10695 D LEE: <BluetoothChatService>: --> SENT:  
10-03 17:43:48.248 10038 10695 D LEE: <BluetoothStateChangeEvent>: post: whatChanged=3, theState=3
10-03 17:43:48.250 10038 10038 D LEE: <com.harlie.batbot.ui.control.ControlFragment>: onBluetoothStateChangeEvent: theState=3, whatChanged=3
10-03 17:43:48.250 10038 10038 D LEE: <com.harlie.batbot.ui.control.ControlFragment>: --> SENT 1 BYTES:  
10-03 17:43:48.291 10038 10559 D LEE: <ConnectedThread>: send the message data
10-03 17:43:48.292 10038 10559 D LEE: <ConnectedThread>: notifyStateChange(Constants.MESSAGE_READ, mState, bundle);
10-03 17:43:48.292 10038 10559 D LEE: <BluetoothChatService>: notifyStateChange: whatChanged=2, theState=3
10-03 17:43:48.292 10038 10559 D LEE: <BluetoothChatService>: --> READ: size=78, buffer=10/03/2019 17:43:45 Distance Ahead=90
10-03 17:43:48.292 10038 10559 D LEE: <BluetoothChatService>: 10/03/2019 17:43:46 Distance Ahead=57
10-03 17:43:48.293 10038 10559 D LEE: <BluetoothStateChangeEvent>: post: whatChanged=2, theState=3
10-03 17:43:48.294 10038 10559 D LEE: <ConnectedThread>: reading..
10-03 17:43:48.295 10038 10038 D LEE: <com.harlie.batbot.ui.control.ControlFragment>: onBluetoothStateChangeEvent: theState=3, whatChanged=2
10-03 17:43:48.296 10038 10038 D LEE: <com.harlie.batbot.ui.control.ControlFragment>: --> READ 78 BYTES: 10/03/2019 17:43:45 Distance Ahead=90
10-03 17:43:48.296 10038 10038 D LEE: <com.harlie.batbot.ui.control.ControlFragment>: 10/03/2019 17:43:46 Distance Ahead=57
10-03 17:43:50.244 10038 10695 D LEE: <com.harlie.batbot.ui.control.ControlFragment>: runFixedRateTimer: FLUSH LOG
10-03 17:43:50.244 10038 10695 D LEE: <com.harlie.batbot.ui.control.ControlFragment>: send:  
10-03 17:43:50.245 10038 10695 D LEE: <com.harlie.batbot.ui.control.Control_ViewModel>: send: ' '
10-03 17:43:50.245 10038 10695 D LEE: <BluetoothChatService>: ===> send: message= 
10-03 17:43:50.245 10038 10695 D LEE: <BluetoothChatService>: getState
10-03 17:43:50.245 10038 10695 D LEE: <BluetoothChatService>: write(message.getBytes())
10-03 17:43:50.245 10038 10695 D LEE: <BluetoothChatService>: write: out=[B@71f02fc
10-03 17:43:50.245 10038 10695 D LEE: <ConnectedThread>: write: buffer=[B@71f02fc
10-03 17:43:50.246 10038 10695 D LEE: <BluetoothChatService>: notifyStateChange: whatChanged=3, theState=3
10-03 17:43:50.246 10038 10695 D LEE: <BluetoothChatService>: --> SENT:  
10-03 17:43:50.247 10038 10695 D LEE: <BluetoothStateChangeEvent>: post: whatChanged=3, theState=3
10-03 17:43:50.248 10038 10038 D LEE: <com.harlie.batbot.ui.control.ControlFragment>: onBluetoothStateChangeEvent: theState=3, whatChanged=3
10-03 17:43:50.253 10038 10038 D LEE: <com.harlie.batbot.ui.control.ControlFragment>: --> SENT 1 BYTES:  
10-03 17:43:50.295 10038 10559 D LEE: <ConnectedThread>: send the message data
10-03 17:43:50.296 10038 10559 D LEE: <ConnectedThread>: notifyStateChange(Constants.MESSAGE_READ, mState, bundle);
10-03 17:43:50.296 10038 10559 D LEE: <BluetoothChatService>: notifyStateChange: whatChanged=2, theState=3
10-03 17:43:50.296 10038 10559 D LEE: <BluetoothChatService>: --> READ: size=62, buffer=10/03/2019 17:43:48 State: default stopped, Joystick: STOP 0
10-03 17:43:50.296 10038 10559 D LEE: <BluetoothStateChangeEvent>: post: whatChanged=2, theState=3
10-03 17:43:50.297 10038 10559 D LEE: <ConnectedThread>: reading..
10-03 17:43:50.297 10038 10038 D LEE: <com.harlie.batbot.ui.control.ControlFragment>: onBluetoothStateChangeEvent: theState=3, whatChanged=2
10-03 17:43:50.298 10038 10038 D LEE: <com.harlie.batbot.ui.control.ControlFragment>: --> READ 62 BYTES: 10/03/2019 17:43:48 State: default stopped, Joystick: STOP 0
10-03 17:43:52.243 10038 10695 D LEE: <com.harlie.batbot.ui.control.ControlFragment>: runFixedRateTimer: FLUSH LOG
10-03 17:43:52.243 10038 10695 D LEE: <com.harlie.batbot.ui.control.ControlFragment>: send:  
10-03 17:43:52.244 10038 10695 D LEE: <com.harlie.batbot.ui.control.Control_ViewModel>: send: ' '
10-03 17:43:52.244 10038 10695 D LEE: <BluetoothChatService>: ===> send: message= 
10-03 17:43:52.244 10038 10695 D LEE: <BluetoothChatService>: getState
10-03 17:43:52.244 10038 10695 D LEE: <BluetoothChatService>: write(message.getBytes())
10-03 17:43:52.244 10038 10695 D LEE: <BluetoothChatService>: write: out=[B@6053d85
10-03 17:43:52.244 10038 10695 D LEE: <ConnectedThread>: write: buffer=[B@6053d85
10-03 17:43:52.246 10038 10695 D LEE: <BluetoothChatService>: notifyStateChange: whatChanged=3, theState=3
10-03 17:43:52.247 10038 10695 D LEE: <BluetoothChatService>: --> SENT:  
10-03 17:43:52.247 10038 10695 D LEE: <BluetoothStateChangeEvent>: post: whatChanged=3, theState=3
10-03 17:43:52.248 10038 10038 D LEE: <com.harlie.batbot.ui.control.ControlFragment>: onBluetoothStateChangeEvent: theState=3, whatChanged=3
10-03 17:43:52.248 10038 10038 D LEE: <com.harlie.batbot.ui.control.ControlFragment>: --> SENT 1 BYTES:  
10-03 17:43:54.243 10038 10695 D LEE: <com.harlie.batbot.ui.control.ControlFragment>: runFixedRateTimer: FLUSH LOG
10-03 17:43:54.243 10038 10695 D LEE: <com.harlie.batbot.ui.control.ControlFragment>: send:  
10-03 17:43:54.243 10038 10695 D LEE: <com.harlie.batbot.ui.control.Control_ViewModel>: send: ' '
10-03 17:43:54.244 10038 10695 D LEE: <BluetoothChatService>: ===> send: message= 
10-03 17:43:54.244 10038 10695 D LEE: <BluetoothChatService>: getState
10-03 17:43:54.244 10038 10695 D LEE: <BluetoothChatService>: write(message.getBytes())
10-03 17:43:54.244 10038 10695 D LEE: <BluetoothChatService>: write: out=[B@2d7e7da
10-03 17:43:54.244 10038 10695 D LEE: <ConnectedThread>: write: buffer=[B@2d7e7da
10-03 17:43:54.246 10038 10695 D LEE: <BluetoothChatService>: notifyStateChange: whatChanged=3, theState=3
10-03 17:43:54.246 10038 10695 D LEE: <BluetoothChatService>: --> SENT:  
10-03 17:43:54.247 10038 10695 D LEE: <BluetoothStateChangeEvent>: post: whatChanged=3, theState=3
10-03 17:43:54.248 10038 10038 D LEE: <com.harlie.batbot.ui.control.ControlFragment>: onBluetoothStateChangeEvent: theState=3, whatChanged=3
10-03 17:43:54.248 10038 10038 D LEE: <com.harlie.batbot.ui.control.ControlFragment>: --> SENT 1 BYTES:  
10-03 17:43:56.243 10038 10695 D LEE: <com.harlie.batbot.ui.control.ControlFragment>: runFixedRateTimer: FLUSH LOG
10-03 17:43:56.244 10038 10695 D LEE: <com.harlie.batbot.ui.control.ControlFragment>: send:  
10-03 17:43:56.244 10038 10695 D LEE: <com.harlie.batbot.ui.control.Control_ViewModel>: send: ' '
10-03 17:43:56.244 10038 10695 D LEE: <BluetoothChatService>: ===> send: message= 
10-03 17:43:56.244 10038 10695 D LEE: <BluetoothChatService>: getState
10-03 17:43:56.244 10038 10695 D LEE: <BluetoothChatService>: write(message.getBytes())
10-03 17:43:56.245 10038 10695 D LEE: <BluetoothChatService>: write: out=[B@b2e540b
10-03 17:43:56.245 10038 10695 D LEE: <ConnectedThread>: write: buffer=[B@b2e540b
10-03 17:43:56.248 10038 10695 D LEE: <BluetoothChatService>: notifyStateChange: whatChanged=3, theState=3
10-03 17:43:56.248 10038 10695 D LEE: <BluetoothChatService>: --> SENT:  
10-03 17:43:56.249 10038 10695 D LEE: <BluetoothStateChangeEvent>: post: whatChanged=3, theState=3
10-03 17:43:56.250 10038 10038 D LEE: <com.harlie.batbot.ui.control.ControlFragment>: onBluetoothStateChangeEvent: theState=3, whatChanged=3
10-03 17:43:56.250 10038 10038 D LEE: <com.harlie.batbot.ui.control.ControlFragment>: --> SENT 1 BYTES:  
10-03 17:43:56.318 10038 10559 D LEE: <ConnectedThread>: send the message data
10-03 17:43:56.319 10038 10559 D LEE: <ConnectedThread>: notifyStateChange(Constants.MESSAGE_READ, mState, bundle);
10-03 17:43:56.319 10038 10559 D LEE: <BluetoothChatService>: notifyStateChange: whatChanged=2, theState=3
10-03 17:43:56.320 10038 10559 D LEE: <BluetoothChatService>: --> READ: size=62, buffer=10/03/2019 17:43:53 State: default stopped, Joystick: STOP 0
10-03 17:43:56.320 10038 10559 D LEE: <BluetoothStateChangeEvent>: post: whatChanged=2, theState=3
10-03 17:43:56.321 10038 10559 D LEE: <ConnectedThread>: reading..
10-03 17:43:56.322 10038 10038 D LEE: <com.harlie.batbot.ui.control.ControlFragment>: onBluetoothStateChangeEvent: theState=3, whatChanged=2
10-03 17:43:56.322 10038 10038 D LEE: <com.harlie.batbot.ui.control.ControlFragment>: --> READ 62 BYTES: 10/03/2019 17:43:53 State: default stopped, Joystick: STOP 0
10-03 17:43:58.244 10038 10695 D LEE: <com.harlie.batbot.ui.control.ControlFragment>: runFixedRateTimer: FLUSH LOG
10-03 17:43:58.244 10038 10695 D LEE: <com.harlie.batbot.ui.control.ControlFragment>: send:  
10-03 17:43:58.245 10038 10695 D LEE: <com.harlie.batbot.ui.control.Control_ViewModel>: send: ' '
10-03 17:43:58.245 10038 10695 D LEE: <BluetoothChatService>: ===> send: message= 
10-03 17:43:58.245 10038 10695 D LEE: <BluetoothChatService>: getState
10-03 17:43:58.245 10038 10695 D LEE: <BluetoothChatService>: write(message.getBytes())
10-03 17:43:58.246 10038 10695 D LEE: <BluetoothChatService>: write: out=[B@bd752e8
10-03 17:43:58.246 10038 10695 D LEE: <ConnectedThread>: write: buffer=[B@bd752e8
10-03 17:43:58.251 10038 10695 D LEE: <BluetoothChatService>: notifyStateChange: whatChanged=3, theState=3
10-03 17:43:58.251 10038 10695 D LEE: <BluetoothChatService>: --> SENT:  
10-03 17:43:58.251 10038 10695 D LEE: <BluetoothStateChangeEvent>: post: whatChanged=3, theState=3
10-03 17:43:58.254 10038 10038 D LEE: <com.harlie.batbot.ui.control.ControlFragment>: onBluetoothStateChangeEvent: theState=3, whatChanged=3
10-03 17:43:58.254 10038 10038 D LEE: <com.harlie.batbot.ui.control.ControlFragment>: --> SENT 1 BYTES:  
10-03 17:43:58.292 10038 10559 D LEE: <ConnectedThread>: send the message data
10-03 17:43:58.293 10038 10559 D LEE: <ConnectedThread>: notifyStateChange(Constants.MESSAGE_READ, mState, bundle);
10-03 17:43:58.293 10038 10559 D LEE: <BluetoothChatService>: notifyStateChange: whatChanged=2, theState=3
10-03 17:43:58.293 10038 10559 D LEE: <BluetoothChatService>: --> READ: size=78, buffer=10/03/2019 17:43:55 Distance Ahead=84
10-03 17:43:58.293 10038 10559 D LEE: <BluetoothChatService>: 10/03/2019 17:43:56 Distance Ahead=55
10-03 17:43:58.294 10038 10559 D LEE: <BluetoothStateChangeEvent>: post: whatChanged=2, theState=3
10-03 17:43:58.295 10038 10559 D LEE: <ConnectedThread>: reading..
10-03 17:43:58.295 10038 10038 D LEE: <com.harlie.batbot.ui.control.ControlFragment>: onBluetoothStateChangeEvent: theState=3, whatChanged=2
10-03 17:43:58.295 10038 10038 D LEE: <com.harlie.batbot.ui.control.ControlFragment>: --> READ 78 BYTES: 10/03/2019 17:43:55 Distance Ahead=84
10-03 17:43:58.295 10038 10038 D LEE: <com.harlie.batbot.ui.control.ControlFragment>: 10/03/2019 17:43:56 Distance Ahead=55
10-03 17:44:00.244 10038 10695 D LEE: <com.harlie.batbot.ui.control.ControlFragment>: runFixedRateTimer: FLUSH LOG
10-03 17:44:00.244 10038 10695 D LEE: <com.harlie.batbot.ui.control.ControlFragment>: send:  
10-03 17:44:00.244 10038 10695 D LEE: <com.harlie.batbot.ui.control.Control_ViewModel>: send: ' '
10-03 17:44:00.244 10038 10695 D LEE: <BluetoothChatService>: ===> send: message= 
10-03 17:44:00.244 10038 10695 D LEE: <BluetoothChatService>: getState
10-03 17:44:00.244 10038 10695 D LEE: <BluetoothChatService>: write(message.getBytes())
10-03 17:44:00.244 10038 10695 D LEE: <BluetoothChatService>: write: out=[B@d612d01
10-03 17:44:00.245 10038 10695 D LEE: <ConnectedThread>: write: buffer=[B@d612d01
10-03 17:44:00.245 10038 10695 D LEE: <BluetoothChatService>: notifyStateChange: whatChanged=3, theState=3
10-03 17:44:00.246 10038 10695 D LEE: <BluetoothChatService>: --> SENT:  
10-03 17:44:00.246 10038 10695 D LEE: <BluetoothStateChangeEvent>: post: whatChanged=3, theState=3
10-03 17:44:00.248 10038 10038 D LEE: <com.harlie.batbot.ui.control.ControlFragment>: onBluetoothStateChangeEvent: theState=3, whatChanged=3
10-03 17:44:00.248 10038 10038 D LEE: <com.harlie.batbot.ui.control.ControlFragment>: --> SENT 1 BYTES:  
10-03 17:44:00.340 10038 10559 D LEE: <ConnectedThread>: send the message data
10-03 17:44:00.341 10038 10559 D LEE: <ConnectedThread>: notifyStateChange(Constants.MESSAGE_READ, mState, bundle);
10-03 17:44:00.341 10038 10559 D LEE: <BluetoothChatService>: notifyStateChange: whatChanged=2, theState=3
10-03 17:44:00.341 10038 10559 D LEE: <BluetoothChatService>: --> READ: size=62, buffer=10/03/2019 17:43:58 State: default stopped, Joystick: STOP 0
10-03 17:44:00.342 10038 10559 D LEE: <BluetoothStateChangeEvent>: post: whatChanged=2, theState=3
10-03 17:44:00.342 10038 10559 D LEE: <ConnectedThread>: reading..
10-03 17:44:00.343 10038 10038 D LEE: <com.harlie.batbot.ui.control.ControlFragment>: onBluetoothStateChangeEvent: theState=3, whatChanged=2
10-03 17:44:00.343 10038 10038 D LEE: <com.harlie.batbot.ui.control.ControlFragment>: --> READ 62 BYTES: 10/03/2019 17:43:58 State: default stopped, Joystick: STOP 0
10-03 17:44:02.244 10038 10695 D LEE: <com.harlie.batbot.ui.control.ControlFragment>: runFixedRateTimer: FLUSH LOG
10-03 17:44:02.244 10038 10695 D LEE: <com.harlie.batbot.ui.control.ControlFragment>: send:  
10-03 17:44:02.244 10038 10695 D LEE: <com.harlie.batbot.ui.control.Control_ViewModel>: send: ' '
10-03 17:44:02.244 10038 10695 D LEE: <BluetoothChatService>: ===> send: message= 
